Apr  9 07:47:37 arunmathew-Vostro-2520 anacron[23528]: Job `cron.daily' terminated
Apr  9 07:47:37 arunmathew-Vostro-2520 anacron[23528]: Normal exit (1 job run)
Apr  9 07:50:01 arunmathew-Vostro-2520 CRON[24082]: (root) CMD (if [ -x /usr/bin/mrtg ] && [ -r /etc/mrtg.cfg ] && [ -d "$(grep '^[[:space:]]*[^#]*[[:space:]]*WorkDir' /etc/mrtg.cfg | awk '{ print $NF }')" ]; then mkdir -p /var/log/mrtg ; env LANG=C /usr/bin/mrtg /etc/mrtg.cfg 2>&1 | tee -a /var/log/mrtg/mrtg.log ; fi)
Apr  9 07:55:01 arunmathew-Vostro-2520 CRON[24123]: (root) CMD (command -v debian-sa1 > /dev/null && debian-sa1 1 1)
Apr  9 07:55:01 arunmathew-Vostro-2520 CRON[24124]: (root) CMD (if [ -x /usr/bin/mrtg ] && [ -r /etc/mrtg.cfg ] && [ -d "$(grep '^[[:space:]]*[^#]*[[:space:]]*WorkDir' /etc/mrtg.cfg | awk '{ print $NF }')" ]; then mkdir -p /var/log/mrtg ; env LANG=C /usr/bin/mrtg /etc/mrtg.cfg 2>&1 | tee -a /var/log/mrtg/mrtg.log ; fi)
Apr  9 08:00:01 arunmathew-Vostro-2520 CRON[24162]: (root) CMD (if [ -x /usr/bin/mrtg ] && [ -r /etc/mrtg.cfg ] && [ -d "$(grep '^[[:space:]]*[^#]*[[:space:]]*WorkDir' /etc/mrtg.cfg | awk '{ print $NF }')" ]; then mkdir -p /var/log/mrtg ; env LANG=C /usr/bin/mrtg /etc/mrtg.cfg 2>&1 | tee -a /var/log/mrtg/mrtg.log ; fi)
Apr  9 08:05:01 arunmathew-Vostro-2520 CRON[24203]: (root) CMD (command -v debian-sa1 > /dev/null && debian-sa1 1 1)
Apr  9 08:05:01 arunmathew-Vostro-2520 CRON[24204]: (root) CMD (if [ -x /usr/bin/mrtg ] && [ -r /etc/mrtg.cfg ] && [ -d "$(grep '^[[:space:]]*[^#]*[[:space:]]*WorkDir' /etc/mrtg.cfg | awk '{ print $NF }')" ]; then mkdir -p /var/log/mrtg ; env LANG=C /usr/bin/mrtg /etc/mrtg.cfg 2>&1 | tee -a /var/log/mrtg/mrtg.log ; fi)
Apr  9 08:10:01 arunmathew-Vostro-2520 CRON[24242]: (root) CMD (if [ -x /usr/bin/mrtg ] && [ -r /etc/mrtg.cfg ] && [ -d "$(grep '^[[:space:]]*[^#]*[[:space:]]*WorkDir' /etc/mrtg.cfg | awk '{ print $NF }')" ]; then mkdir -p /var/log/mrtg ; env LANG=C /usr/bin/mrtg /etc/mrtg.cfg 2>&1 | tee -a /var/log/mrtg/mrtg.log ; fi)
Apr  9 08:15:01 arunmathew-Vostro-2520 CRON[24285]: (root) CMD (if [ -x /usr/bin/mrtg ] && [ -r /etc/mrtg.cfg ] && [ -d "$(grep '^[[:space:]]*[^#]*[[:space:]]*WorkDir' /etc/mrtg.cfg | awk '{ print $NF }')" ]; then mkdir -p /var/log/mrtg ; env LANG=C /usr/bin/mrtg /etc/mrtg.cfg 2>&1 | tee -a /var/log/mrtg/mrtg.log ; fi)
Apr  9 08:15:01 arunmathew-Vostro-2520 CRON[24286]: (root) CMD (command -v debian-sa1 > /dev/null && debian-sa1 1 1)
Apr  9 08:17:01 arunmathew-Vostro-2520 CRON[24304]: (root) CMD (   cd / && run-parts --report /etc/cron.hourly)
Apr  9 08:20:01 arunmathew-Vostro-2520 CRON[24327]: (root) CMD (if [ -x /usr/bin/mrtg ] && [ -r /etc/mrtg.cfg ] && [ -d "$(grep '^[[:space:]]*[^#]*[[:space:]]*WorkDir' /etc/mrtg.cfg | awk '{ print $NF }')" ]; then mkdir -p /var/log/mrtg ; env LANG=C /usr/bin/mrtg /etc/mrtg.cfg 2>&1 | tee -a /var/log/mrtg/mrtg.log ; fi)
Apr  9 08:25:01 arunmathew-Vostro-2520 CRON[24366]: (root) CMD (if [ -x /usr/bin/mrtg ] && [ -r /etc/mrtg.cfg ] && [ -d "$(grep '^[[:space:]]*[^#]*[[:space:]]*WorkDir' /etc/mrtg.cfg | awk '{ print $NF }')" ]; then mkdir -p /var/log/mrtg ; env LANG=C /usr/bin/mrtg /etc/mrtg.cfg 2>&1 | tee -a /var/log/mrtg/mrtg.log ; fi)
Apr  9 08:25:01 arunmathew-Vostro-2520 CRON[24367]: (root) CMD (command -v debian-sa1 > /dev/null && debian-sa1 1 1)
Apr  9 08:30:01 arunmathew-Vostro-2520 CRON[24406]: (root) CMD (if [ -x /usr/bin/mrtg ] && [ -r /etc/mrtg.cfg ] && [ -d "$(grep '^[[:space:]]*[^#]*[[:space:]]*WorkDir' /etc/mrtg.cfg | awk '{ print $NF }')" ]; then mkdir -p /var/log/mrtg ; env LANG=C /usr/bin/mrtg /etc/mrtg.cfg 2>&1 | tee -a /var/log/mrtg/mrtg.log ; fi)
Apr  9 08:35:01 arunmathew-Vostro-2520 CRON[24449]: (root) CMD (if [ -x /usr/bin/mrtg ] && [ -r /etc/mrtg.cfg ] && [ -d "$(grep '^[[:space:]]*[^#]*[[:space:]]*WorkDir' /etc/mrtg.cfg | awk '{ print $NF }')" ]; then mkdir -p /var/log/mrtg ; env LANG=C /usr/bin/mrtg /etc/mrtg.cfg 2>&1 | tee -a /var/log/mrtg/mrtg.log ; fi)
Apr  9 08:35:01 arunmathew-Vostro-2520 CRON[24450]: (root) CMD (command -v debian-sa1 > /dev/null && debian-sa1 1 1)
Apr  9 08:35:29 arunmathew-Vostro-2520 dhclient: DHCPREQUEST of 10.105.12.135 on eth0 to 10.105.1.83 port 67
Apr  9 08:35:29 arunmathew-Vostro-2520 dhclient: DHCPACK of 10.105.12.135 from 10.105.1.83
Apr  9 08:35:29 arunmathew-Vostro-2520 dhclient: bound to 10.105.12.135 -- renewal in 7213 seconds.
Apr  9 08:40:01 arunmathew-Vostro-2520 CRON[24486]: (root) CMD (if [ -x /usr/bin/mrtg ] && [ -r /etc/mrtg.cfg ] && [ -d "$(grep '^[[:space:]]*[^#]*[[:space:]]*WorkDir' /etc/mrtg.cfg | awk '{ print $NF }')" ]; then mkdir -p /var/log/mrtg ; env LANG=C /usr/bin/mrtg /etc/mrtg.cfg 2>&1 | tee -a /var/log/mrtg/mrtg.log ; fi)
Apr  9 08:45:01 arunmathew-Vostro-2520 CRON[24530]: (root) CMD (command -v debian-sa1 > /dev/null && debian-sa1 1 1)
Apr  9 08:45:01 arunmathew-Vostro-2520 CRON[24529]: (root) CMD (if [ -x /usr/bin/mrtg ] && [ -r /etc/mrtg.cfg ] && [ -d "$(grep '^[[:space:]]*[^#]*[[:space:]]*WorkDir' /etc/mrtg.cfg | awk '{ print $NF }')" ]; then mkdir -p /var/log/mrtg ; env LANG=C /usr/bin/mrtg /etc/mrtg.cfg 2>&1 | tee -a /var/log/mrtg/mrtg.log ; fi)
Apr  9 08:50:01 arunmathew-Vostro-2520 CRON[24566]: (root) CMD (if [ -x /usr/bin/mrtg ] && [ -r /etc/mrtg.cfg ] && [ -d "$(grep '^[[:space:]]*[^#]*[[:space:]]*WorkDir' /etc/mrtg.cfg | awk '{ print $NF }')" ]; then mkdir -p /var/log/mrtg ; env LANG=C /usr/bin/mrtg /etc/mrtg.cfg 2>&1 | tee -a /var/log/mrtg/mrtg.log ; fi)
Apr  9 08:55:01 arunmathew-Vostro-2520 CRON[24607]: (root) CMD (command -v debian-sa1 > /dev/null && debian-sa1 1 1)
Apr  9 08:55:01 arunmathew-Vostro-2520 CRON[24609]: (root) CMD (if [ -x /usr/bin/mrtg ] && [ -r /etc/mrtg.cfg ] && [ -d "$(grep '^[[:space:]]*[^#]*[[:space:]]*WorkDir' /etc/mrtg.cfg | awk '{ print $NF }')" ]; then mkdir -p /var/log/mrtg ; env LANG=C /usr/bin/mrtg /etc/mrtg.cfg 2>&1 | tee -a /var/log/mrtg/mrtg.log ; fi)
Apr  9 09:00:01 arunmathew-Vostro-2520 CRON[24648]: (root) CMD (if [ -x /usr/bin/mrtg ] && [ -r /etc/mrtg.cfg ] && [ -d "$(grep '^[[:space:]]*[^#]*[[:space:]]*WorkDir' /etc/mrtg.cfg | awk '{ print $NF }')" ]; then mkdir -p /var/log/mrtg ; env LANG=C /usr/bin/mrtg /etc/mrtg.cfg 2>&1 | tee -a /var/log/mrtg/mrtg.log ; fi)
Apr  9 09:05:01 arunmathew-Vostro-2520 CRON[24692]: (root) CMD (if [ -x /usr/bin/mrtg ] && [ -r /etc/mrtg.cfg ] && [ -d "$(grep '^[[:space:]]*[^#]*[[:space:]]*WorkDir' /etc/mrtg.cfg | awk '{ print $NF }')" ]; then mkdir -p /var/log/mrtg ; env LANG=C /usr/bin/mrtg /etc/mrtg.cfg 2>&1 | tee -a /var/log/mrtg/mrtg.log ; fi)
Apr  9 09:05:01 arunmathew-Vostro-2520 CRON[24691]: (root) CMD (command -v debian-sa1 > /dev/null && debian-sa1 1 1)
Apr  9 09:10:01 arunmathew-Vostro-2520 CRON[24735]: (root) CMD (if [ -x /usr/bin/mrtg ] && [ -r /etc/mrtg.cfg ] && [ -d "$(grep '^[[:space:]]*[^#]*[[:space:]]*WorkDir' /etc/mrtg.cfg | awk '{ print $NF }')" ]; then mkdir -p /var/log/mrtg ; env LANG=C /usr/bin/mrtg /etc/mrtg.cfg 2>&1 | tee -a /var/log/mrtg/mrtg.log ; fi)
Apr  9 09:15:01 arunmathew-Vostro-2520 CRON[24774]: (root) CMD (if [ -x /usr/bin/mrtg ] && [ -r /etc/mrtg.cfg ] && [ -d "$(grep '^[[:space:]]*[^#]*[[:space:]]*WorkDir' /etc/mrtg.cfg | awk '{ print $NF }')" ]; then mkdir -p /var/log/mrtg ; env LANG=C /usr/bin/mrtg /etc/mrtg.cfg 2>&1 | tee -a /var/log/mrtg/mrtg.log ; fi)
Apr  9 09:15:01 arunmathew-Vostro-2520 CRON[24775]: (root) CMD (command -v debian-sa1 > /dev/null && debian-sa1 1 1)
Apr  9 09:17:01 arunmathew-Vostro-2520 CRON[24794]: (root) CMD (   cd / && run-parts --report /etc/cron.hourly)
Apr  9 09:20:01 arunmathew-Vostro-2520 CRON[24816]: (root) CMD (if [ -x /usr/bin/mrtg ] && [ -r /etc/mrtg.cfg ] && [ -d "$(grep '^[[:space:]]*[^#]*[[:space:]]*WorkDir' /etc/mrtg.cfg | awk '{ print $NF }')" ]; then mkdir -p /var/log/mrtg ; env LANG=C /usr/bin/mrtg /etc/mrtg.cfg 2>&1 | tee -a /var/log/mrtg/mrtg.log ; fi)
Apr  9 09:25:01 arunmathew-Vostro-2520 CRON[24861]: (root) CMD (command -v debian-sa1 > /dev/null && debian-sa1 1 1)
Apr  9 09:25:01 arunmathew-Vostro-2520 CRON[24862]: (root) CMD (if [ -x /usr/bin/mrtg ] && [ -r /etc/mrtg.cfg ] && [ -d "$(grep '^[[:space:]]*[^#]*[[:space:]]*WorkDir' /etc/mrtg.cfg | awk '{ print $NF }')" ]; then mkdir -p /var/log/mrtg ; env LANG=C /usr/bin/mrtg /etc/mrtg.cfg 2>&1 | tee -a /var/log/mrtg/mrtg.log ; fi)
Apr  9 09:30:01 arunmathew-Vostro-2520 CRON[24901]: (root) CMD (if [ -x /usr/bin/mrtg ] && [ -r /etc/mrtg.cfg ] && [ -d "$(grep '^[[:space:]]*[^#]*[[:space:]]*WorkDir' /etc/mrtg.cfg | awk '{ print $NF }')" ]; then mkdir -p /var/log/mrtg ; env LANG=C /usr/bin/mrtg /etc/mrtg.cfg 2>&1 | tee -a /var/log/mrtg/mrtg.log ; fi)
Apr  9 09:35:01 arunmathew-Vostro-2520 CRON[24939]: (root) CMD (command -v debian-sa1 > /dev/null && debian-sa1 1 1)
Apr  9 09:35:01 arunmathew-Vostro-2520 CRON[24940]: (root) CMD (if [ -x /usr/bin/mrtg ] && [ -r /etc/mrtg.cfg ] && [ -d "$(grep '^[[:space:]]*[^#]*[[:space:]]*WorkDir' /etc/mrtg.cfg | awk '{ print $NF }')" ]; then mkdir -p /var/log/mrtg ; env LANG=C /usr/bin/mrtg /etc/mrtg.cfg 2>&1 | tee -a /var/log/mrtg/mrtg.log ; fi)
Apr  9 09:36:48 arunmathew-Vostro-2520 kernel: [239288.159414] r8169 0000:09:00.0: eth0: link down
Apr  9 09:36:48 arunmathew-Vostro-2520 NetworkManager[1071]: <info> (eth0): carrier now OFF (device state 100, deferring action for 4 seconds)
Apr  9 09:36:52 arunmathew-Vostro-2520 NetworkManager[1071]: <info> (eth0): device state change: activated -> unavailable (reason 'carrier-changed') [100 20 40]
Apr  9 09:36:52 arunmathew-Vostro-2520 NetworkManager[1071]: <info> (eth0): deactivating device (reason 'carrier-changed') [40]
Apr  9 09:36:52 arunmathew-Vostro-2520 NetworkManager[1071]: <info> (eth0): canceled DHCP transaction, DHCP client pid 9042
Apr  9 09:36:52 arunmathew-Vostro-2520 kernel: [239292.655031] IPv6: ADDRCONF(NETDEV_UP): eth0: link is not ready
Apr  9 09:36:52 arunmathew-Vostro-2520 NetworkManager[1071]: <warn> DNS: plugin dnsmasq update failed
Apr  9 09:36:52 arunmathew-Vostro-2520 NetworkManager[1071]: <info> (eth0): removing resolv.conf from /sbin/resolvconf
Apr  9 09:36:53 arunmathew-Vostro-2520 kernel: [239292.782528] usb 1-1.2: USB disconnect, device number 6
Apr  9 09:36:53 arunmathew-Vostro-2520 dnsmasq[1901]: setting upstream servers from DBus
Apr  9 09:36:53 arunmathew-Vostro-2520 dbus[1040]: [system] Activating service name='org.freedesktop.nm_dispatcher' (using servicehelper)
Apr  9 09:36:53 arunmathew-Vostro-2520 NetworkManager[1071]: <info> sleep requested (sleeping: no  enabled: yes)
Apr  9 09:36:53 arunmathew-Vostro-2520 NetworkManager[1071]: <info> sleeping or disabling...
Apr  9 09:36:53 arunmathew-Vostro-2520 NetworkManager[1071]: <info> (eth2): now unmanaged
Apr  9 09:36:53 arunmathew-Vostro-2520 NetworkManager[1071]: <info> (eth2): device state change: disconnected -> unmanaged (reason 'sleeping') [30 10 37]
Apr  9 09:36:53 arunmathew-Vostro-2520 NetworkManager[1071]: <info> (eth2): cleaning up...
Apr  9 09:36:53 arunmathew-Vostro-2520 NetworkManager[1071]: <info> (eth2): taking down device.
Apr  9 09:36:53 arunmathew-Vostro-2520 NetworkManager[1071]: <info> (eth0): now unmanaged
Apr  9 09:36:53 arunmathew-Vostro-2520 NetworkManager[1071]: <info> (eth0): device state change: unavailable -> unmanaged (reason 'sleeping') [20 10 37]
Apr  9 09:36:53 arunmathew-Vostro-2520 NetworkManager[1071]: <info> (eth0): cleaning up...
Apr  9 09:36:53 arunmathew-Vostro-2520 NetworkManager[1071]: <info> (eth0): taking down device.
Apr  9 09:36:54 arunmathew-Vostro-2520 dbus[1040]: [system] Successfully activated service 'org.freedesktop.nm_dispatcher'
Apr  9 09:36:54 arunmathew-Vostro-2520 anacron[25193]: Anacron 2.3 started on 2014-04-09
Apr  9 09:36:54 arunmathew-Vostro-2520 anacron[25193]: Normal exit (0 jobs run)
Apr  9 10:41:51 arunmathew-Vostro-2520 kernel: imklog 5.8.6, log source = /proc/kmsg started.
Apr  9 10:41:51 arunmathew-Vostro-2520 rsyslogd: [origin software="rsyslogd" swVersion="5.8.6" x-pid="1076" x-info="http://www.rsyslog.com"] start
Apr  9 10:41:51 arunmathew-Vostro-2520 rsyslogd: rsyslogd's groupid changed to 103
Apr  9 10:41:51 arunmathew-Vostro-2520 rsyslogd: rsyslogd's userid changed to 101
Apr  9 10:41:51 arunmathew-Vostro-2520 rsyslogd-2039: Could not open output pipe '/dev/xconsole' [try http://www.rsyslog.com/e/2039 ]
Apr  9 10:41:51 arunmathew-Vostro-2520 polkitd[1079]: started daemon version 0.104 using authority implementation `local' version `0.104'
Apr  9 10:41:51 arunmathew-Vostro-2520 dbus[1033]: [system] Successfully activated service 'org.freedesktop.PolicyKit1'
Apr  9 10:41:51 arunmathew-Vostro-2520 NetworkManager[1069]:    SCPlugin-Ifupdown: init!
Apr  9 10:41:51 arunmathew-Vostro-2520 NetworkManager[1069]:    SCPlugin-Ifupdown: update_system_hostname
Apr  9 10:41:51 arunmathew-Vostro-2520 NetworkManager[1069]:    SCPluginIfupdown: management mode: unmanaged
Apr  9 10:41:51 arunmathew-Vostro-2520 NetworkManager[1069]:    SCPlugin-Ifupdown: devices added (path: /sys/devices/pci0000:00/0000:00:1c.3/0000:07:00.0/net/eth2, iface: eth2)
Apr  9 10:41:51 arunmathew-Vostro-2520 NetworkManager[1069]:    SCPlugin-Ifupdown: device added (path: /sys/devices/pci0000:00/0000:00:1c.3/0000:07:00.0/net/eth2, iface: eth2): no ifupdown configuration found.
Apr  9 10:41:51 arunmathew-Vostro-2520 NetworkManager[1069]:    SCPlugin-Ifupdown: devices added (path: /sys/devices/pci0000:00/0000:00:1c.5/0000:09:00.0/net/eth0, iface: eth0)
Apr  9 10:41:51 arunmathew-Vostro-2520 NetworkManager[1069]:    SCPlugin-Ifupdown: device added (path: /sys/devices/pci0000:00/0000:00:1c.5/0000:09:00.0/net/eth0, iface: eth0): no ifupdown configuration found.
Apr  9 10:41:51 arunmathew-Vostro-2520 NetworkManager[1069]:    SCPlugin-Ifupdown: devices added (path: /sys/devices/virtual/net/lo, iface: lo)
Apr  9 10:41:51 arunmathew-Vostro-2520 NetworkManager[1069]:    SCPlugin-Ifupdown: device added (path: /sys/devices/virtual/net/lo, iface: lo): no ifupdown configuration found.
Apr  9 10:41:51 arunmathew-Vostro-2520 NetworkManager[1069]:    SCPlugin-Ifupdown: end _init.
Apr  9 10:41:51 arunmathew-Vostro-2520 NetworkManager[1069]: <info> Loaded plugin ifupdown: (C) 2008 Canonical Ltd.  To report bugs please use the NetworkManager mailing list.
Apr  9 10:41:51 arunmathew-Vostro-2520 kernel: [    0.000000] Initializing cgroup subsys cpuset
Apr  9 10:41:51 arunmathew-Vostro-2520 kernel: [    0.000000] Initializing cgroup subsys cpu
Apr  9 10:41:51 arunmathew-Vostro-2520 kernel: [    0.000000] Linux version 3.5.0-47-generic (buildd@allspice) (gcc version 4.6.3 (Ubuntu/Linaro 4.6.3-1ubuntu5) ) #71~precise1-Ubuntu SMP Wed Feb 19 22:02:52 UTC 2014 (Ubuntu 3.5.0-47.71~precise1-generic 3.5.7.30)
Apr  9 10:41:51 arunmathew-Vostro-2520 kernel: [    0.000000] Command line: BOOT_IMAGE=/vmlinuz-3.5.0-47-generic root=UUID=f7bf5c68-846b-4153-8152-d8042c620e6e ro quiet splash vt.handoff=7
Apr  9 10:41:51 arunmathew-Vostro-2520 kernel: [    0.000000] KERNEL supported cpus:
Apr  9 10:41:51 arunmathew-Vostro-2520 kernel: [    0.000000]   Intel GenuineIntel
Apr  9 10:41:51 arunmathew-Vostro-2520 kernel: [    0.000000]   AMD AuthenticAMD
Apr  9 10:41:51 arunmathew-Vostro-2520 kernel: [    0.000000]   Centaur CentaurHauls
Apr  9 10:41:51 arunmathew-Vostro-2520 kernel: [    0.000000] e820: BIOS-provided physical RAM map:
Apr  9 10:41:51 arunmathew-Vostro-2520 kernel: [    0.000000] BIOS-e820: [mem 0x0000000000000000-0x000000000009d3ff] usable
Apr  9 10:41:51 arunmathew-Vostro-2520 kernel: [    0.000000] BIOS-e820: [mem 0x000000000009d400-0x000000000009ffff] reserved
Apr  9 10:41:51 arunmathew-Vostro-2520 kernel: [    0.000000] BIOS-e820: [mem 0x00000000000e0000-0x00000000000fffff] reserved
Apr  9 10:41:51 arunmathew-Vostro-2520 kernel: [    0.000000] BIOS-e820: [mem 0x0000000000100000-0x000000001fffffff] usable
Apr  9 10:41:51 arunmathew-Vostro-2520 kernel: [    0.000000] BIOS-e820: [mem 0x0000000020000000-0x00000000201fffff] reserved
Apr  9 10:41:51 arunmathew-Vostro-2520 kernel: [    0.000000] BIOS-e820: [mem 0x0000000020200000-0x0000000040003fff] usable
Apr  9 10:41:51 arunmathew-Vostro-2520 kernel: [    0.000000] BIOS-e820: [mem 0x0000000040004000-0x0000000040004fff] reserved
Apr  9 10:41:51 arunmathew-Vostro-2520 kernel: [    0.000000] BIOS-e820: [mem 0x0000000040005000-0x00000000d7f45fff] usable
Apr  9 10:41:51 arunmathew-Vostro-2520 kernel: [    0.000000] BIOS-e820: [mem 0x00000000d7f46000-0x00000000d899afff] reserved
Apr  9 10:41:51 arunmathew-Vostro-2520 kernel: [    0.000000] BIOS-e820: [mem 0x00000000d899b000-0x00000000d89abfff] ACPI data
Apr  9 10:41:51 arunmathew-Vostro-2520 kernel: [    0.000000] BIOS-e820: [mem 0x00000000d89ac000-0x00000000d9835fff] ACPI NVS
Apr  9 10:41:51 arunmathew-Vostro-2520 kernel: [    0.000000] BIOS-e820: [mem 0x00000000d9836000-0x00000000da200fff] reserved
Apr  9 10:41:51 arunmathew-Vostro-2520 kernel: [    0.000000] BIOS-e820: [mem 0x00000000da201000-0x00000000da201fff] usable
Apr  9 10:41:51 arunmathew-Vostro-2520 kernel: [    0.000000] BIOS-e820: [mem 0x00000000da202000-0x00000000da244fff] ACPI NVS
Apr  9 10:41:51 arunmathew-Vostro-2520 kernel: [    0.000000] BIOS-e820: [mem 0x00000000da245000-0x00000000da9d5fff] usable
Apr  9 10:41:51 arunmathew-Vostro-2520 kernel: [    0.000000] BIOS-e820: [mem 0x00000000da9d6000-0x00000000daff1fff] reserved
Apr  9 10:41:51 arunmathew-Vostro-2520 kernel: [    0.000000] BIOS-e820: [mem 0x00000000daff2000-0x00000000daffffff] usable
Apr  9 10:41:51 arunmathew-Vostro-2520 kernel: [    0.000000] BIOS-e820: [mem 0x00000000db800000-0x00000000df9fffff] reserved
Apr  9 10:41:51 arunmathew-Vostro-2520 kernel: [    0.000000] BIOS-e820: [mem 0x00000000f8000000-0x00000000fbffffff] reserved
Apr  9 10:41:51 arunmathew-Vostro-2520 kernel: [    0.000000] BIOS-e820: [mem 0x00000000fec00000-0x00000000fec00fff] reserved
Apr  9 10:41:51 arunmathew-Vostro-2520 kernel: [    0.000000] BIOS-e820: [mem 0x00000000fed00000-0x00000000fed03fff] reserved
Apr  9 10:41:51 arunmathew-Vostro-2520 kernel: [    0.000000] BIOS-e820: [mem 0x00000000fed1c000-0x00000000fed1ffff] reserved
Apr  9 10:41:51 arunmathew-Vostro-2520 kernel: [    0.000000] BIOS-e820: [mem 0x00000000fee00000-0x00000000fee00fff] reserved
Apr  9 10:41:51 arunmathew-Vostro-2520 kernel: [    0.000000] BIOS-e820: [mem 0x00000000ff000000-0x00000000ffffffff] reserved
Apr  9 10:41:51 arunmathew-Vostro-2520 kernel: [    0.000000] BIOS-e820: [mem 0x0000000100000000-0x000000021f5fffff] usable
Apr  9 10:41:51 arunmathew-Vostro-2520 kernel: [    0.000000] NX (Execute Disable) protection: active
Apr  9 10:41:51 arunmathew-Vostro-2520 kernel: [    0.000000] SMBIOS 2.7 present.
Apr  9 10:41:51 arunmathew-Vostro-2520 kernel: [    0.000000] DMI: Dell Inc. Vostro 2520/0V1NDP, BIOS A05 01/25/2013
Apr  9 10:41:51 arunmathew-Vostro-2520 kernel: [    0.000000] e820: update [mem 0x00000000-0x0000ffff] usable ==> reserved
Apr  9 10:41:51 arunmathew-Vostro-2520 kernel: [    0.000000] e820: remove [mem 0x000a0000-0x000fffff] usable
Apr  9 10:41:51 arunmathew-Vostro-2520 kernel: [    0.000000] No AGP bridge found
Apr  9 10:41:51 arunmathew-Vostro-2520 kernel: [    0.000000] e820: last_pfn = 0x21f600 max_arch_pfn = 0x400000000
Apr  9 10:41:51 arunmathew-Vostro-2520 kernel: [    0.000000] MTRR default type: uncachable
Apr  9 10:41:51 arunmathew-Vostro-2520 kernel: [    0.000000] MTRR fixed ranges enabled:
Apr  9 10:41:51 arunmathew-Vostro-2520 kernel: [    0.000000]   00000-9FFFF write-back
Apr  9 10:41:51 arunmathew-Vostro-2520 kernel: [    0.000000]   A0000-BFFFF uncachable
Apr  9 10:41:51 arunmathew-Vostro-2520 kernel: [    0.000000]   C0000-CFFFF write-protect
Apr  9 10:41:51 arunmathew-Vostro-2520 kernel: [    0.000000]   D0000-E7FFF uncachable
Apr  9 10:41:51 arunmathew-Vostro-2520 kernel: [    0.000000]   E8000-FFFFF write-protect
Apr  9 10:41:51 arunmathew-Vostro-2520 kernel: [    0.000000] MTRR variable ranges enabled:
Apr  9 10:41:51 arunmathew-Vostro-2520 kernel: [    0.000000]   0 base 000000000 mask E00000000 write-back
Apr  9 10:41:51 arunmathew-Vostro-2520 kernel: [    0.000000]   1 base 200000000 mask FE0000000 write-back
Apr  9 10:41:51 arunmathew-Vostro-2520 kernel: [    0.000000]   2 base 0E0000000 mask FE0000000 uncachable
Apr  9 10:41:51 arunmathew-Vostro-2520 kernel: [    0.000000]   3 base 0DC000000 mask FFC000000 uncachable
Apr  9 10:41:51 arunmathew-Vostro-2520 kernel: [    0.000000]   4 base 0DB800000 mask FFF800000 uncachable
Apr  9 10:41:51 arunmathew-Vostro-2520 kernel: [    0.000000]   5 base 21F800000 mask FFF800000 uncachable
Apr  9 10:41:51 arunmathew-Vostro-2520 kernel: [    0.000000]   6 base 21F600000 mask FFFE00000 uncachable
Apr  9 10:41:51 arunmathew-Vostro-2520 kernel: [    0.000000]   7 disabled
Apr  9 10:41:51 arunmathew-Vostro-2520 kernel: [    0.000000]   8 disabled
Apr  9 10:41:51 arunmathew-Vostro-2520 kernel: [    0.000000]   9 disabled
Apr  9 10:41:51 arunmathew-Vostro-2520 kernel: [    0.000000] x86 PAT enabled: cpu 0, old 0x7040600070406, new 0x7010600070106
Apr  9 10:41:51 arunmathew-Vostro-2520 kernel: [    0.000000] original variable MTRRs
Apr  9 10:41:51 arunmathew-Vostro-2520 kernel: [    0.000000] reg 0, base: 0GB, range: 8GB, type WB
Apr  9 10:41:51 arunmathew-Vostro-2520 kernel: [    0.000000] reg 1, base: 8GB, range: 512MB, type WB
Apr  9 10:41:51 arunmathew-Vostro-2520 kernel: [    0.000000] reg 2, base: 3584MB, range: 512MB, type UC
Apr  9 10:41:51 arunmathew-Vostro-2520 kernel: [    0.000000] reg 3, base: 3520MB, range: 64MB, type UC
Apr  9 10:41:51 arunmathew-Vostro-2520 kernel: [    0.000000] reg 4, base: 3512MB, range: 8MB, type UC
Apr  9 10:41:51 arunmathew-Vostro-2520 kernel: [    0.000000] reg 5, base: 8696MB, range: 8MB, type UC
Apr  9 10:41:51 arunmathew-Vostro-2520 kernel: [    0.000000] reg 6, base: 8694MB, range: 2MB, type UC
Apr  9 10:41:51 arunmathew-Vostro-2520 kernel: [    0.000000] total RAM covered: 8110M
Apr  9 10:41:51 arunmathew-Vostro-2520 kernel: [    0.000000] Found optimal setting for mtrr clean up
Apr  9 10:41:51 arunmathew-Vostro-2520 kernel: [    0.000000]  gran_size: 64K 	chunk_size: 128M 	num_reg: 9  	lose cover RAM: 0G
Apr  9 10:41:51 arunmathew-Vostro-2520 kernel: [    0.000000] New variable MTRRs
Apr  9 10:41:51 arunmathew-Vostro-2520 kernel: [    0.000000] reg 0, base: 0GB, range: 2GB, type WB
Apr  9 10:41:51 arunmathew-Vostro-2520 kernel: [    0.000000] reg 1, base: 2GB, range: 1GB, type WB
Apr  9 10:41:51 arunmathew-Vostro-2520 kernel: [    0.000000] reg 2, base: 3GB, range: 512MB, type WB
Apr  9 10:41:51 arunmathew-Vostro-2520 kernel: [    0.000000] reg 3, base: 3512MB, range: 8MB, type UC
Apr  9 10:41:51 arunmathew-Vostro-2520 kernel: [    0.000000] reg 4, base: 3520MB, range: 64MB, type UC
Apr  9 10:41:51 arunmathew-Vostro-2520 kernel: [    0.000000] reg 5, base: 4GB, range: 4GB, type WB
Apr  9 10:41:51 arunmathew-Vostro-2520 kernel: [    0.000000] reg 6, base: 8GB, range: 512MB, type WB
Apr  9 10:41:51 arunmathew-Vostro-2520 kernel: [    0.000000] reg 7, base: 8694MB, range: 2MB, type UC
Apr  9 10:41:51 arunmathew-Vostro-2520 kernel: [    0.000000] reg 8, base: 8696MB, range: 8MB, type UC
Apr  9 10:41:51 arunmathew-Vostro-2520 kernel: [    0.000000] e820: update [mem 0xdb800000-0xffffffff] usable ==> reserved
Apr  9 10:41:51 arunmathew-Vostro-2520 kernel: [    0.000000] e820: last_pfn = 0xdb000 max_arch_pfn = 0x400000000
Apr  9 10:41:51 arunmathew-Vostro-2520 kernel: [    0.000000] found SMP MP-table at [mem 0x000fda10-0x000fda1f] mapped at [ffff8800000fda10]
Apr  9 10:41:51 arunmathew-Vostro-2520 kernel: [    0.000000] initial memory mapped: [mem 0x00000000-0x1fffffff]
Apr  9 10:41:51 arunmathew-Vostro-2520 kernel: [    0.000000] Base memory trampoline at [ffff880000097000] 97000 size 24576
Apr  9 10:41:51 arunmathew-Vostro-2520 kernel: [    0.000000] init_memory_mapping: [mem 0x00000000-0xdaffffff]
Apr  9 10:41:51 arunmathew-Vostro-2520 kernel: [    0.000000]  [mem 0x00000000-0xdaffffff] page 2M
Apr  9 10:41:51 arunmathew-Vostro-2520 kernel: [    0.000000] kernel direct mapping tables up to 0xdaffffff @ [mem 0x1fffb000-0x1fffffff]
Apr  9 10:41:51 arunmathew-Vostro-2520 kernel: [    0.000000] init_memory_mapping: [mem 0x100000000-0x21f5fffff]
Apr  9 10:41:51 arunmathew-Vostro-2520 kernel: [    0.000000]  [mem 0x100000000-0x21f5fffff] page 2M
Apr  9 10:41:51 arunmathew-Vostro-2520 kernel: [    0.000000] kernel direct mapping tables up to 0x21f5fffff @ [mem 0xdaffa000-0xdaffffff]
Apr  9 10:41:51 arunmathew-Vostro-2520 kernel: [    0.000000] RAMDISK: [mem 0x3612e000-0x3708efff]
Apr  9 10:41:51 arunmathew-Vostro-2520 kernel: [    0.000000] ACPI: RSDP 00000000000f0490 00024 (v02   DELL)
Apr  9 10:41:51 arunmathew-Vostro-2520 kernel: [    0.000000] ACPI: XSDT 00000000d899f078 0006C (v01 DELL    WN09    01072009 AMI  00010013)
Apr  9 10:41:51 arunmathew-Vostro-2520 kernel: [    0.000000] ACPI: FACP 00000000d89a94c8 0010C (v05   DELL     WN09 01072009 AMI  00010013)
Apr  9 10:41:51 arunmathew-Vostro-2520 kernel: [    0.000000] ACPI: DSDT 00000000d899f170 0A352 (v02   DELL     WN09 00000022 INTL 20051117)
Apr  9 10:41:51 arunmathew-Vostro-2520 kernel: [    0.000000] ACPI: FACS 00000000d9831080 00040
Apr  9 10:41:51 arunmathew-Vostro-2520 kernel: [    0.000000] ACPI: APIC 00000000d89a95d8 00072 (v03   DELL     WN09 01072009 AMI  00010013)
Apr  9 10:41:51 arunmathew-Vostro-2520 kernel: [    0.000000] ACPI: FPDT 00000000d89a9650 00044 (v01   DELL     WN09 01072009 AMI  00010013)
Apr  9 10:41:51 arunmathew-Vostro-2520 kernel: [    0.000000] ACPI: MCFG 00000000d89a9698 0003C (v01   DELL     WN09 01072009 MSFT 00000097)
Apr  9 10:41:51 arunmathew-Vostro-2520 kernel: [    0.000000] ACPI: SSDT 00000000d89a96d8 01068 (v01 TrmRef PtidDevc 00001000 INTL 20091112)
Apr  9 10:41:51 arunmathew-Vostro-2520 kernel: [    0.000000] ACPI: HPET 00000000d89aa740 00038 (v01   DELL     WN09 01072009 AMI. 00000005)
Apr  9 10:41:51 arunmathew-Vostro-2520 kernel: [    0.000000] ACPI: SSDT 00000000d89aa778 00315 (v01 SataRe SataTabl 00001000 INTL 20091112)
Apr  9 10:41:51 arunmathew-Vostro-2520 kernel: [    0.000000] ACPI: SSDT 00000000d89aaa90 009AA (v01  PmRef  Cpu0Ist 00003000 INTL 20051117)
Apr  9 10:41:51 arunmathew-Vostro-2520 kernel: [    0.000000] ACPI: SSDT 00000000d89ab440 00A92 (v01  PmRef    CpuPm 00003000 INTL 20051117)
Apr  9 10:41:51 arunmathew-Vostro-2520 kernel: [    0.000000] ACPI: Local APIC address 0xfee00000
Apr  9 10:41:51 arunmathew-Vostro-2520 kernel: [    0.000000] No NUMA configuration found
Apr  9 10:41:51 arunmathew-Vostro-2520 kernel: [    0.000000] Faking a node at [mem 0x0000000000000000-0x000000021f5fffff]
Apr  9 10:41:51 arunmathew-Vostro-2520 kernel: [    0.000000] Initmem setup node 0 [mem 0x00000000-0x21f5fffff]
Apr  9 10:41:51 arunmathew-Vostro-2520 kernel: [    0.000000]   NODE_DATA [mem 0x21f5fc000-0x21f5fffff]
Apr  9 10:41:51 arunmathew-Vostro-2520 kernel: [    0.000000]  [ffffea0000000000-ffffea00087fffff] PMD -> [ffff880216c00000-ffff88021ebfffff] on node 0
Apr  9 10:41:51 arunmathew-Vostro-2520 kernel: [    0.000000] Zone ranges:
Apr  9 10:41:51 arunmathew-Vostro-2520 kernel: [    0.000000]   DMA      [mem 0x00010000-0x00ffffff]
Apr  9 10:41:51 arunmathew-Vostro-2520 kernel: [    0.000000]   DMA32    [mem 0x01000000-0xffffffff]
Apr  9 10:41:51 arunmathew-Vostro-2520 kernel: [    0.000000]   Normal   [mem 0x100000000-0x21f5fffff]
Apr  9 10:41:51 arunmathew-Vostro-2520 kernel: [    0.000000] Movable zone start for each node
Apr  9 10:41:51 arunmathew-Vostro-2520 kernel: [    0.000000] Early memory node ranges
Apr  9 10:41:51 arunmathew-Vostro-2520 kernel: [    0.000000]   node   0: [mem 0x00010000-0x0009cfff]
Apr  9 10:41:51 arunmathew-Vostro-2520 kernel: [    0.000000]   node   0: [mem 0x00100000-0x1fffffff]
Apr  9 10:41:51 arunmathew-Vostro-2520 kernel: [    0.000000]   node   0: [mem 0x20200000-0x40003fff]
Apr  9 10:41:51 arunmathew-Vostro-2520 kernel: [    0.000000]   node   0: [mem 0x40005000-0xd7f45fff]
Apr  9 10:41:51 arunmathew-Vostro-2520 kernel: [    0.000000]   node   0: [mem 0xda201000-0xda201fff]
Apr  9 10:41:51 arunmathew-Vostro-2520 kernel: [    0.000000]   node   0: [mem 0xda245000-0xda9d5fff]
Apr  9 10:41:51 arunmathew-Vostro-2520 kernel: [    0.000000]   node   0: [mem 0xdaff2000-0xdaffffff]
Apr  9 10:41:51 arunmathew-Vostro-2520 kernel: [    0.000000]   node   0: [mem 0x100000000-0x21f5fffff]
Apr  9 10:41:51 arunmathew-Vostro-2520 kernel: [    0.000000] On node 0 totalpages: 2062962
Apr  9 10:41:51 arunmathew-Vostro-2520 kernel: [    0.000000]   DMA zone: 64 pages used for memmap
Apr  9 10:41:51 arunmathew-Vostro-2520 kernel: [    0.000000]   DMA zone: 6 pages reserved
Apr  9 10:41:51 arunmathew-Vostro-2520 kernel: [    0.000000]   DMA zone: 3911 pages, LIFO batch:0
Apr  9 10:41:51 arunmathew-Vostro-2520 kernel: [    0.000000]   DMA32 zone: 16320 pages used for memmap
Apr  9 10:41:51 arunmathew-Vostro-2520 kernel: [    0.000000]   DMA32 zone: 865573 pages, LIFO batch:31
Apr  9 10:41:51 arunmathew-Vostro-2520 kernel: [    0.000000]   Normal zone: 18392 pages used for memmap
Apr  9 10:41:51 arunmathew-Vostro-2520 kernel: [    0.000000]   Normal zone: 1158696 pages, LIFO batch:31
Apr  9 10:41:51 arunmathew-Vostro-2520 kernel: [    0.000000] ACPI: PM-Timer IO Port: 0x408
Apr  9 10:41:51 arunmathew-Vostro-2520 kernel: [    0.000000] ACPI: Local APIC address 0xfee00000
Apr  9 10:41:51 arunmathew-Vostro-2520 kernel: [    0.000000] ACPI: LAPIC (acpi_id[0x01] lapic_id[0x00] enabled)
Apr  9 10:41:51 arunmathew-Vostro-2520 kernel: [    0.000000] ACPI: LAPIC (acpi_id[0x02] lapic_id[0x02] enabled)
Apr  9 10:41:51 arunmathew-Vostro-2520 kernel: [    0.000000] ACPI: LAPIC (acpi_id[0x03] lapic_id[0x01] enabled)
Apr  9 10:41:51 arunmathew-Vostro-2520 kernel: [    0.000000] ACPI: LAPIC (acpi_id[0x04] lapic_id[0x03] enabled)
Apr  9 10:41:51 arunmathew-Vostro-2520 kernel: [    0.000000] ACPI: LAPIC_NMI (acpi_id[0xff] high edge lint[0x1])
Apr  9 10:41:51 arunmathew-Vostro-2520 kernel: [    0.000000] ACPI: IOAPIC (id[0x02] address[0xfec00000] gsi_base[0])
Apr  9 10:41:51 arunmathew-Vostro-2520 kernel: [    0.000000] IOAPIC[0]: apic_id 2, version 32, address 0xfec00000, GSI 0-23
Apr  9 10:41:51 arunmathew-Vostro-2520 kernel: [    0.000000] ACPI: INT_SRC_OVR (bus 0 bus_irq 0 global_irq 2 dfl dfl)
Apr  9 10:41:51 arunmathew-Vostro-2520 kernel: [    0.000000] ACPI: INT_SRC_OVR (bus 0 bus_irq 9 global_irq 9 high level)
Apr  9 10:41:51 arunmathew-Vostro-2520 kernel: [    0.000000] ACPI: IRQ0 used by override.
Apr  9 10:41:51 arunmathew-Vostro-2520 kernel: [    0.000000] ACPI: IRQ2 used by override.
Apr  9 10:41:51 arunmathew-Vostro-2520 kernel: [    0.000000] ACPI: IRQ9 used by override.
Apr  9 10:41:51 arunmathew-Vostro-2520 kernel: [    0.000000] Using ACPI (MADT) for SMP configuration information
Apr  9 10:41:51 arunmathew-Vostro-2520 kernel: [    0.000000] ACPI: HPET id: 0x8086a701 base: 0xfed00000
Apr  9 10:41:51 arunmathew-Vostro-2520 kernel: [    0.000000] SMP: Allowing 4 CPUs, 0 hotplug CPUs
Apr  9 10:41:51 arunmathew-Vostro-2520 kernel: [    0.000000] nr_irqs_gsi: 40
Apr  9 10:41:51 arunmathew-Vostro-2520 kernel: [    0.000000] PM: Registered nosave memory: 000000000009d000 - 000000000009e000
Apr  9 10:41:51 arunmathew-Vostro-2520 kernel: [    0.000000] PM: Registered nosave memory: 000000000009e000 - 00000000000a0000
Apr  9 10:41:51 arunmathew-Vostro-2520 kernel: [    0.000000] PM: Registered nosave memory: 00000000000a0000 - 00000000000e0000
Apr  9 10:41:51 arunmathew-Vostro-2520 kernel: [    0.000000] PM: Registered nosave memory: 00000000000e0000 - 0000000000100000
Apr  9 10:41:51 arunmathew-Vostro-2520 kernel: [    0.000000] PM: Registered nosave memory: 0000000020000000 - 0000000020200000
Apr  9 10:41:51 arunmathew-Vostro-2520 kernel: [    0.000000] PM: Registered nosave memory: 0000000040004000 - 0000000040005000
Apr  9 10:41:51 arunmathew-Vostro-2520 kernel: [    0.000000] PM: Registered nosave memory: 00000000d7f46000 - 00000000d899b000
Apr  9 10:41:51 arunmathew-Vostro-2520 kernel: [    0.000000] PM: Registered nosave memory: 00000000d899b000 - 00000000d89ac000
Apr  9 10:41:51 arunmathew-Vostro-2520 kernel: [    0.000000] PM: Registered nosave memory: 00000000d89ac000 - 00000000d9836000
Apr  9 10:41:51 arunmathew-Vostro-2520 kernel: [    0.000000] PM: Registered nosave memory: 00000000d9836000 - 00000000da201000
Apr  9 10:41:51 arunmathew-Vostro-2520 kernel: [    0.000000] PM: Registered nosave memory: 00000000da202000 - 00000000da245000
Apr  9 10:41:51 arunmathew-Vostro-2520 kernel: [    0.000000] PM: Registered nosave memory: 00000000da9d6000 - 00000000daff2000
Apr  9 10:41:51 arunmathew-Vostro-2520 kernel: [    0.000000] PM: Registered nosave memory: 00000000db000000 - 00000000db800000
Apr  9 10:41:51 arunmathew-Vostro-2520 kernel: [    0.000000] PM: Registered nosave memory: 00000000db800000 - 00000000dfa00000
Apr  9 10:41:51 arunmathew-Vostro-2520 kernel: [    0.000000] PM: Registered nosave memory: 00000000dfa00000 - 00000000f8000000
Apr  9 10:41:51 arunmathew-Vostro-2520 kernel: [    0.000000] PM: Registered nosave memory: 00000000f8000000 - 00000000fc000000
Apr  9 10:41:51 arunmathew-Vostro-2520 kernel: [    0.000000] PM: Registered nosave memory: 00000000fc000000 - 00000000fec00000
Apr  9 10:41:51 arunmathew-Vostro-2520 kernel: [    0.000000] PM: Registered nosave memory: 00000000fec00000 - 00000000fec01000
Apr  9 10:41:51 arunmathew-Vostro-2520 kernel: [    0.000000] PM: Registered nosave memory: 00000000fec01000 - 00000000fed00000
Apr  9 10:41:51 arunmathew-Vostro-2520 kernel: [    0.000000] PM: Registered nosave memory: 00000000fed00000 - 00000000fed04000
Apr  9 10:41:51 arunmathew-Vostro-2520 kernel: [    0.000000] PM: Registered nosave memory: 00000000fed04000 - 00000000fed1c000
Apr  9 10:41:51 arunmathew-Vostro-2520 kernel: [    0.000000] PM: Registered nosave memory: 00000000fed1c000 - 00000000fed20000
Apr  9 10:41:51 arunmathew-Vostro-2520 kernel: [    0.000000] PM: Registered nosave memory: 00000000fed20000 - 00000000fee00000
Apr  9 10:41:51 arunmathew-Vostro-2520 kernel: [    0.000000] PM: Registered nosave memory: 00000000fee00000 - 00000000fee01000
Apr  9 10:41:51 arunmathew-Vostro-2520 kernel: [    0.000000] PM: Registered nosave memory: 00000000fee01000 - 00000000ff000000
Apr  9 10:41:51 arunmathew-Vostro-2520 kernel: [    0.000000] PM: Registered nosave memory: 00000000ff000000 - 0000000100000000
Apr  9 10:41:51 arunmathew-Vostro-2520 kernel: [    0.000000] e820: [mem 0xdfa00000-0xf7ffffff] available for PCI devices
Apr  9 10:41:51 arunmathew-Vostro-2520 kernel: [    0.000000] Booting paravirtualized kernel on bare hardware
Apr  9 10:41:51 arunmathew-Vostro-2520 kernel: [    0.000000] setup_percpu: NR_CPUS:256 nr_cpumask_bits:256 nr_cpu_ids:4 nr_node_ids:1
Apr  9 10:41:51 arunmathew-Vostro-2520 kernel: [    0.000000] PERCPU: Embedded 28 pages/cpu @ffff88021f200000 s83584 r8192 d22912 u524288
Apr  9 10:41:51 arunmathew-Vostro-2520 kernel: [    0.000000] pcpu-alloc: s83584 r8192 d22912 u524288 alloc=1*2097152
Apr  9 10:41:51 arunmathew-Vostro-2520 kernel: [    0.000000] pcpu-alloc: [0] 0 1 2 3 
Apr  9 10:41:51 arunmathew-Vostro-2520 kernel: [    0.000000] Built 1 zonelists in Zone order, mobility grouping on.  Total pages: 2028180
Apr  9 10:41:51 arunmathew-Vostro-2520 kernel: [    0.000000] Policy zone: Normal
Apr  9 10:41:51 arunmathew-Vostro-2520 kernel: [    0.000000] Kernel command line: BOOT_IMAGE=/vmlinuz-3.5.0-47-generic root=UUID=f7bf5c68-846b-4153-8152-d8042c620e6e ro quiet splash vt.handoff=7
Apr  9 10:41:51 arunmathew-Vostro-2520 kernel: [    0.000000] PID hash table entries: 4096 (order: 3, 32768 bytes)
Apr  9 10:41:51 arunmathew-Vostro-2520 kernel: [    0.000000] __ex_table already sorted, skipping sort
Apr  9 10:41:51 arunmathew-Vostro-2520 kernel: [    0.000000] xsave/xrstor: enabled xstate_bv 0x7, cntxt size 0x340
Apr  9 10:41:51 arunmathew-Vostro-2520 kernel: [    0.000000] Checking aperture...
Apr  9 10:41:51 arunmathew-Vostro-2520 kernel: [    0.000000] No AGP bridge found
Apr  9 10:41:51 arunmathew-Vostro-2520 kernel: [    0.000000] Calgary: detecting Calgary via BIOS EBDA area
Apr  9 10:41:51 arunmathew-Vostro-2520 kernel: [    0.000000] Calgary: Unable to locate Rio Grande table in EBDA - bailing!
Apr  9 10:41:51 arunmathew-Vostro-2520 kernel: [    0.000000] Memory: 8022636k/8902656k available (6830k kernel code, 650808k absent, 229212k reserved, 6338k data, 948k init)
Apr  9 10:41:51 arunmathew-Vostro-2520 kernel: [    0.000000] SLUB: Genslabs=15, HWalign=64, Order=0-3, MinObjects=0, CPUs=4, Nodes=1
Apr  9 10:41:51 arunmathew-Vostro-2520 kernel: [    0.000000] Hierarchical RCU implementation.
Apr  9 10:41:51 arunmathew-Vostro-2520 kernel: [    0.000000] 	RCU dyntick-idle grace-period acceleration is enabled.
Apr  9 10:41:51 arunmathew-Vostro-2520 kernel: [    0.000000] NR_IRQS:16640 nr_irqs:712 16
Apr  9 10:41:51 arunmathew-Vostro-2520 kernel: [    0.000000] Extended CMOS year: 2000
Apr  9 10:41:51 arunmathew-Vostro-2520 kernel: [    0.000000] vt handoff: transparent VT on vt#7
Apr  9 10:41:51 arunmathew-Vostro-2520 kernel: [    0.000000] Console: colour dummy device 80x25
Apr  9 10:41:51 arunmathew-Vostro-2520 kernel: [    0.000000] console [tty0] enabled
Apr  9 10:41:51 arunmathew-Vostro-2520 kernel: [    0.000000] allocated 33554432 bytes of page_cgroup
Apr  9 10:41:51 arunmathew-Vostro-2520 kernel: [    0.000000] please try 'cgroup_disable=memory' option if you don't want memory cgroups
Apr  9 10:41:51 arunmathew-Vostro-2520 kernel: [    0.000000] hpet clockevent registered
Apr  9 10:41:51 arunmathew-Vostro-2520 kernel: [    0.000000] Fast TSC calibration using PIT
Apr  9 10:41:51 arunmathew-Vostro-2520 kernel: [    0.004000] Detected 2594.138 MHz processor.
Apr  9 10:41:51 arunmathew-Vostro-2520 kernel: [    0.000002] Calibrating delay loop (skipped), value calculated using timer frequency.. 5188.27 BogoMIPS (lpj=10376552)
Apr  9 10:41:51 arunmathew-Vostro-2520 kernel: [    0.000004] pid_max: default: 32768 minimum: 301
Apr  9 10:41:51 arunmathew-Vostro-2520 kernel: [    0.000021] Security Framework initialized
Apr  9 10:41:51 arunmathew-Vostro-2520 kernel: [    0.000032] AppArmor: AppArmor initialized
Apr  9 10:41:51 arunmathew-Vostro-2520 kernel: [    0.000033] Yama: becoming mindful.
Apr  9 10:41:51 arunmathew-Vostro-2520 kernel: [    0.000478] Dentry cache hash table entries: 1048576 (order: 11, 8388608 bytes)
Apr  9 10:41:51 arunmathew-Vostro-2520 kernel: [    0.002341] Inode-cache hash table entries: 524288 (order: 10, 4194304 bytes)
Apr  9 10:41:51 arunmathew-Vostro-2520 kernel: [    0.003166] Mount-cache hash table entries: 256
Apr  9 10:41:51 arunmathew-Vostro-2520 kernel: [    0.003303] Initializing cgroup subsys cpuacct
Apr  9 10:41:51 arunmathew-Vostro-2520 kernel: [    0.003305] Initializing cgroup subsys memory
Apr  9 10:41:51 arunmathew-Vostro-2520 kernel: [    0.003310] Initializing cgroup subsys devices
Apr  9 10:41:51 arunmathew-Vostro-2520 kernel: [    0.003312] Initializing cgroup subsys freezer
Apr  9 10:41:51 arunmathew-Vostro-2520 kernel: [    0.003313] Initializing cgroup subsys blkio
Apr  9 10:41:51 arunmathew-Vostro-2520 kernel: [    0.003314] Initializing cgroup subsys perf_event
Apr  9 10:41:51 arunmathew-Vostro-2520 kernel: [    0.003336] CPU: Physical Processor ID: 0
Apr  9 10:41:51 arunmathew-Vostro-2520 kernel: [    0.003337] CPU: Processor Core ID: 0
Apr  9 10:41:51 arunmathew-Vostro-2520 kernel: [    0.003341] ENERGY_PERF_BIAS: Set to 'normal', was 'performance'
Apr  9 10:41:51 arunmathew-Vostro-2520 kernel: [    0.003341] ENERGY_PERF_BIAS: View and update with x86_energy_perf_policy(8)
Apr  9 10:41:51 arunmathew-Vostro-2520 kernel: [    0.003682] mce: CPU supports 7 MCE banks
Apr  9 10:41:51 arunmathew-Vostro-2520 kernel: [    0.003692] CPU0: Thermal monitoring enabled (TM1)
Apr  9 10:41:51 arunmathew-Vostro-2520 kernel: [    0.003699] using mwait in idle threads.
Apr  9 10:41:51 arunmathew-Vostro-2520 kernel: [    0.005593] ACPI: Core revision 20120320
Apr  9 10:41:51 arunmathew-Vostro-2520 kernel: [    0.016945] ftrace: allocating 27651 entries in 109 pages
Apr  9 10:41:51 arunmathew-Vostro-2520 kernel: [    0.029176] ..TIMER: vector=0x30 apic1=0 pin1=2 apic2=-1 pin2=-1
Apr  9 10:41:51 arunmathew-Vostro-2520 kernel: [    0.068787] CPU0: Intel(R) Core(TM) i5-3230M CPU @ 2.60GHz stepping 09
Apr  9 10:41:51 arunmathew-Vostro-2520 kernel: [    0.172685] Performance Events: PEBS fmt1+, 16-deep LBR, SandyBridge events, Intel PMU driver.
Apr  9 10:41:51 arunmathew-Vostro-2520 kernel: [    0.172690] ... version:                3
Apr  9 10:41:51 arunmathew-Vostro-2520 kernel: [    0.172691] ... bit width:              48
Apr  9 10:41:51 arunmathew-Vostro-2520 kernel: [    0.172692] ... generic registers:      4
Apr  9 10:41:51 arunmathew-Vostro-2520 kernel: [    0.172693] ... value mask:             0000ffffffffffff
Apr  9 10:41:51 arunmathew-Vostro-2520 kernel: [    0.172694] ... max period:             000000007fffffff
Apr  9 10:41:51 arunmathew-Vostro-2520 kernel: [    0.172694] ... fixed-purpose events:   3
Apr  9 10:41:51 arunmathew-Vostro-2520 kernel: [    0.172695] ... event mask:             000000070000000f
Apr  9 10:41:51 arunmathew-Vostro-2520 kernel: [    0.172799] NMI watchdog: enabled on all CPUs, permanently consumes one hw-PMU counter.
Apr  9 10:41:51 arunmathew-Vostro-2520 kernel: [    0.172859] Booting Node   0, Processors  #1 #2 #3 Ok.
Apr  9 10:41:51 arunmathew-Vostro-2520 kernel: [    0.213262] Brought up 4 CPUs
Apr  9 10:41:51 arunmathew-Vostro-2520 kernel: [    0.213265] Total of 4 processors activated (20753.10 BogoMIPS).
Apr  9 10:41:51 arunmathew-Vostro-2520 kernel: [    0.216628] devtmpfs: initialized
Apr  9 10:41:51 arunmathew-Vostro-2520 kernel: [    0.217549] EVM: security.selinux
Apr  9 10:41:51 arunmathew-Vostro-2520 kernel: [    0.217550] EVM: security.SMACK64
Apr  9 10:41:51 arunmathew-Vostro-2520 kernel: [    0.217551] EVM: security.capability
Apr  9 10:41:51 arunmathew-Vostro-2520 kernel: [    0.217584] PM: Registering ACPI NVS region [mem 0xd89ac000-0xd9835fff] (15245312 bytes)
Apr  9 10:41:51 arunmathew-Vostro-2520 kernel: [    0.217751] PM: Registering ACPI NVS region [mem 0xda202000-0xda244fff] (274432 bytes)
Apr  9 10:41:51 arunmathew-Vostro-2520 kernel: [    0.218335] dummy: 
Apr  9 10:41:51 arunmathew-Vostro-2520 kernel: [    0.218364] RTC time:  5:11:24, date: 04/09/14
Apr  9 10:41:51 arunmathew-Vostro-2520 kernel: [    0.218390] NET: Registered protocol family 16
Apr  9 10:41:51 arunmathew-Vostro-2520 kernel: [    0.218461] Trying to unpack rootfs image as initramfs...
Apr  9 10:41:51 arunmathew-Vostro-2520 kernel: [    0.218517] ACPI FADT declares the system doesn't support PCIe ASPM, so disable it
Apr  9 10:41:51 arunmathew-Vostro-2520 kernel: [    0.218519] ACPI: bus type pci registered
Apr  9 10:41:51 arunmathew-Vostro-2520 kernel: [    0.218557] PCI: MMCONFIG for domain 0000 [bus 00-3f] at [mem 0xf8000000-0xfbffffff] (base 0xf8000000)
Apr  9 10:41:51 arunmathew-Vostro-2520 kernel: [    0.218559] PCI: MMCONFIG at [mem 0xf8000000-0xfbffffff] reserved in E820
Apr  9 10:41:51 arunmathew-Vostro-2520 kernel: [    0.225772] PCI: Using configuration type 1 for base access
Apr  9 10:41:51 arunmathew-Vostro-2520 kernel: [    0.226488] bio: create slab <bio-0> at 0
Apr  9 10:41:51 arunmathew-Vostro-2520 kernel: [    0.226547] ACPI: Added _OSI(Module Device)
Apr  9 10:41:51 arunmathew-Vostro-2520 kernel: [    0.226549] ACPI: Added _OSI(Processor Device)
Apr  9 10:41:51 arunmathew-Vostro-2520 kernel: [    0.226550] ACPI: Added _OSI(3.0 _SCP Extensions)
Apr  9 10:41:51 arunmathew-Vostro-2520 kernel: [    0.226551] ACPI: Added _OSI(Processor Aggregator Device)
Apr  9 10:41:51 arunmathew-Vostro-2520 kernel: [    0.227720] ACPI: EC: Look up EC in DSDT
Apr  9 10:41:51 arunmathew-Vostro-2520 kernel: [    0.229009] ACPI: Executed 1 blocks of module-level executable AML code
Apr  9 10:41:51 arunmathew-Vostro-2520 kernel: [    0.233007] [Firmware Bug]: ACPI: BIOS _OSI(Linux) query ignored
Apr  9 10:41:51 arunmathew-Vostro-2520 kernel: [    0.264868] ACPI: SSDT 00000000d8948018 0080E (v01  PmRef  Cpu0Cst 00003001 INTL 20051117)
Apr  9 10:41:51 arunmathew-Vostro-2520 kernel: [    0.265166] ACPI: Dynamic OEM Table Load:
Apr  9 10:41:51 arunmathew-Vostro-2520 kernel: [    0.265168] ACPI: SSDT           (null) 0080E (v01  PmRef  Cpu0Cst 00003001 INTL 20051117)
Apr  9 10:41:51 arunmathew-Vostro-2520 kernel: [    0.300673] ACPI: SSDT 00000000d8949a98 00303 (v01  PmRef    ApIst 00003000 INTL 20051117)
Apr  9 10:41:51 arunmathew-Vostro-2520 kernel: [    0.300997] ACPI: Dynamic OEM Table Load:
Apr  9 10:41:51 arunmathew-Vostro-2520 kernel: [    0.300998] ACPI: SSDT           (null) 00303 (v01  PmRef    ApIst 00003000 INTL 20051117)
Apr  9 10:41:51 arunmathew-Vostro-2520 kernel: [    0.328492] ACPI: SSDT 00000000d894ac18 00119 (v01  PmRef    ApCst 00003000 INTL 20051117)
Apr  9 10:41:51 arunmathew-Vostro-2520 kernel: [    0.328787] ACPI: Dynamic OEM Table Load:
Apr  9 10:41:51 arunmathew-Vostro-2520 kernel: [    0.328788] ACPI: SSDT           (null) 00119 (v01  PmRef    ApCst 00003000 INTL 20051117)
Apr  9 10:41:51 arunmathew-Vostro-2520 kernel: [    0.348800] ACPI: Interpreter enabled
Apr  9 10:41:51 arunmathew-Vostro-2520 kernel: [    0.348804] ACPI: (supports S0 S3 S4 S5)
Apr  9 10:41:51 arunmathew-Vostro-2520 kernel: [    0.348824] ACPI: Using IOAPIC for interrupt routing
Apr  9 10:41:51 arunmathew-Vostro-2520 kernel: [    0.357166] ACPI: No dock devices found.
Apr  9 10:41:51 arunmathew-Vostro-2520 kernel: [    0.357170] PCI: Using host bridge windows from ACPI; if necessary, use "pci=nocrs" and report a bug
Apr  9 10:41:51 arunmathew-Vostro-2520 kernel: [    0.357429] ACPI: PCI Root Bridge [PCI0] (domain 0000 [bus 00-3e])
Apr  9 10:41:51 arunmathew-Vostro-2520 kernel: [    0.357771] pci_root PNP0A08:00: host bridge window [io  0x0000-0x0cf7]
Apr  9 10:41:51 arunmathew-Vostro-2520 kernel: [    0.357773] pci_root PNP0A08:00: host bridge window [io  0x0d00-0xffff]
Apr  9 10:41:51 arunmathew-Vostro-2520 kernel: [    0.357775] pci_root PNP0A08:00: host bridge window [mem 0x000a0000-0x000bffff]
Apr  9 10:41:51 arunmathew-Vostro-2520 kernel: [    0.357776] pci_root PNP0A08:00: host bridge window [mem 0x000d0000-0x000d3fff]
Apr  9 10:41:51 arunmathew-Vostro-2520 kernel: [    0.357778] pci_root PNP0A08:00: host bridge window [mem 0x000d4000-0x000d7fff]
Apr  9 10:41:51 arunmathew-Vostro-2520 kernel: [    0.357779] pci_root PNP0A08:00: host bridge window [mem 0x000d8000-0x000dbfff]
Apr  9 10:41:51 arunmathew-Vostro-2520 kernel: [    0.357781] pci_root PNP0A08:00: host bridge window [mem 0x000dc000-0x000dffff]
Apr  9 10:41:51 arunmathew-Vostro-2520 kernel: [    0.357782] pci_root PNP0A08:00: host bridge window [mem 0x000e0000-0x000e3fff]
Apr  9 10:41:51 arunmathew-Vostro-2520 kernel: [    0.357784] pci_root PNP0A08:00: host bridge window [mem 0x000e4000-0x000e7fff]
Apr  9 10:41:51 arunmathew-Vostro-2520 kernel: [    0.357785] pci_root PNP0A08:00: host bridge window [mem 0xdfa00000-0xfeafffff]
Apr  9 10:41:51 arunmathew-Vostro-2520 kernel: [    0.357808] PCI host bridge to bus 0000:00
Apr  9 10:41:51 arunmathew-Vostro-2520 kernel: [    0.357811] pci_bus 0000:00: root bus resource [io  0x0000-0x0cf7]
Apr  9 10:41:51 arunmathew-Vostro-2520 kernel: [    0.357812] pci_bus 0000:00: root bus resource [io  0x0d00-0xffff]
Apr  9 10:41:51 arunmathew-Vostro-2520 kernel: [    0.357814] pci_bus 0000:00: root bus resource [mem 0x000a0000-0x000bffff]
Apr  9 10:41:51 arunmathew-Vostro-2520 kernel: [    0.357815] pci_bus 0000:00: root bus resource [mem 0x000d0000-0x000d3fff]
Apr  9 10:41:51 arunmathew-Vostro-2520 kernel: [    0.357816] pci_bus 0000:00: root bus resource [mem 0x000d4000-0x000d7fff]
Apr  9 10:41:51 arunmathew-Vostro-2520 kernel: [    0.357818] pci_bus 0000:00: root bus resource [mem 0x000d8000-0x000dbfff]
Apr  9 10:41:51 arunmathew-Vostro-2520 kernel: [    0.357819] pci_bus 0000:00: root bus resource [mem 0x000dc000-0x000dffff]
Apr  9 10:41:51 arunmathew-Vostro-2520 kernel: [    0.357821] pci_bus 0000:00: root bus resource [mem 0x000e0000-0x000e3fff]
Apr  9 10:41:51 arunmathew-Vostro-2520 kernel: [    0.357822] pci_bus 0000:00: root bus resource [mem 0x000e4000-0x000e7fff]
Apr  9 10:41:51 arunmathew-Vostro-2520 kernel: [    0.357824] pci_bus 0000:00: root bus resource [mem 0xdfa00000-0xfeafffff]
Apr  9 10:41:51 arunmathew-Vostro-2520 kernel: [    0.357831] pci 0000:00:00.0: [8086:0154] type 00 class 0x060000
Apr  9 10:41:51 arunmathew-Vostro-2520 kernel: [    0.357865] pci 0000:00:02.0: [8086:0166] type 00 class 0x030000
Apr  9 10:41:51 arunmathew-Vostro-2520 kernel: [    0.357874] pci 0000:00:02.0: reg 10: [mem 0xf7800000-0xf7bfffff 64bit]
Apr  9 10:41:51 arunmathew-Vostro-2520 kernel: [    0.357879] pci 0000:00:02.0: reg 18: [mem 0xe0000000-0xefffffff 64bit pref]
Apr  9 10:41:51 arunmathew-Vostro-2520 kernel: [    0.357883] pci 0000:00:02.0: reg 20: [io  0xf000-0xf03f]
Apr  9 10:41:51 arunmathew-Vostro-2520 kernel: [    0.357933] pci 0000:00:16.0: [8086:1e3a] type 00 class 0x078000
Apr  9 10:41:51 arunmathew-Vostro-2520 kernel: [    0.357955] pci 0000:00:16.0: reg 10: [mem 0xf7d0a000-0xf7d0a00f 64bit]
Apr  9 10:41:51 arunmathew-Vostro-2520 kernel: [    0.358030] pci 0000:00:16.0: PME# supported from D0 D3hot D3cold
Apr  9 10:41:51 arunmathew-Vostro-2520 kernel: [    0.358061] pci 0000:00:1a.0: [8086:1e2d] type 00 class 0x0c0320
Apr  9 10:41:51 arunmathew-Vostro-2520 kernel: [    0.358081] pci 0000:00:1a.0: reg 10: [mem 0xf7d08000-0xf7d083ff]
Apr  9 10:41:51 arunmathew-Vostro-2520 kernel: [    0.358170] pci 0000:00:1a.0: PME# supported from D0 D3hot D3cold
Apr  9 10:41:51 arunmathew-Vostro-2520 kernel: [    0.358194] pci 0000:00:1b.0: [8086:1e20] type 00 class 0x040300
Apr  9 10:41:51 arunmathew-Vostro-2520 kernel: [    0.358209] pci 0000:00:1b.0: reg 10: [mem 0xf7d00000-0xf7d03fff 64bit]
Apr  9 10:41:51 arunmathew-Vostro-2520 kernel: [    0.358274] pci 0000:00:1b.0: PME# supported from D0 D3hot D3cold
Apr  9 10:41:51 arunmathew-Vostro-2520 kernel: [    0.358300] pci 0000:00:1c.0: [8086:1e10] type 01 class 0x060400
Apr  9 10:41:51 arunmathew-Vostro-2520 kernel: [    0.358429] pci 0000:00:1c.0: PME# supported from D0 D3hot D3cold
Apr  9 10:41:51 arunmathew-Vostro-2520 kernel: [    0.358467] pci 0000:00:1c.3: [8086:1e16] type 01 class 0x060400
Apr  9 10:41:51 arunmathew-Vostro-2520 kernel: [    0.358597] pci 0000:00:1c.3: PME# supported from D0 D3hot D3cold
Apr  9 10:41:51 arunmathew-Vostro-2520 kernel: [    0.358629] pci 0000:00:1c.5: [8086:1e1a] type 01 class 0x060400
Apr  9 10:41:51 arunmathew-Vostro-2520 kernel: [    0.358705] pci 0000:00:1c.5: PME# supported from D0 D3hot D3cold
Apr  9 10:41:51 arunmathew-Vostro-2520 kernel: [    0.358734] pci 0000:00:1d.0: [8086:1e26] type 00 class 0x0c0320
Apr  9 10:41:51 arunmathew-Vostro-2520 kernel: [    0.358754] pci 0000:00:1d.0: reg 10: [mem 0xf7d07000-0xf7d073ff]
Apr  9 10:41:51 arunmathew-Vostro-2520 kernel: [    0.358843] pci 0000:00:1d.0: PME# supported from D0 D3hot D3cold
Apr  9 10:41:51 arunmathew-Vostro-2520 kernel: [    0.358868] pci 0000:00:1f.0: [8086:1e5d] type 00 class 0x060100
Apr  9 10:41:51 arunmathew-Vostro-2520 kernel: [    0.358988] pci 0000:00:1f.2: [8086:1e03] type 00 class 0x010601
Apr  9 10:41:51 arunmathew-Vostro-2520 kernel: [    0.359005] pci 0000:00:1f.2: reg 10: [io  0xf0b0-0xf0b7]
Apr  9 10:41:51 arunmathew-Vostro-2520 kernel: [    0.359013] pci 0000:00:1f.2: reg 14: [io  0xf0a0-0xf0a3]
Apr  9 10:41:51 arunmathew-Vostro-2520 kernel: [    0.359020] pci 0000:00:1f.2: reg 18: [io  0xf090-0xf097]
Apr  9 10:41:51 arunmathew-Vostro-2520 kernel: [    0.359027] pci 0000:00:1f.2: reg 1c: [io  0xf080-0xf083]
Apr  9 10:41:51 arunmathew-Vostro-2520 kernel: [    0.359034] pci 0000:00:1f.2: reg 20: [io  0xf060-0xf07f]
Apr  9 10:41:51 arunmathew-Vostro-2520 kernel: [    0.359041] pci 0000:00:1f.2: reg 24: [mem 0xf7d06000-0xf7d067ff]
Apr  9 10:41:51 arunmathew-Vostro-2520 kernel: [    0.359085] pci 0000:00:1f.2: PME# supported from D3hot
Apr  9 10:41:51 arunmathew-Vostro-2520 kernel: [    0.359100] pci 0000:00:1f.3: [8086:1e22] type 00 class 0x0c0500
Apr  9 10:41:51 arunmathew-Vostro-2520 kernel: [    0.359114] pci 0000:00:1f.3: reg 10: [mem 0xf7d05000-0xf7d050ff 64bit]
Apr  9 10:41:51 arunmathew-Vostro-2520 kernel: [    0.359134] pci 0000:00:1f.3: reg 20: [io  0xf040-0xf05f]
Apr  9 10:41:51 arunmathew-Vostro-2520 kernel: [    0.359228] pci 0000:00:1c.0: PCI bridge to [bus 04-04]
Apr  9 10:41:51 arunmathew-Vostro-2520 kernel: [    0.359355] pci 0000:07:00.0: [14e4:4365] type 00 class 0x028000
Apr  9 10:41:51 arunmathew-Vostro-2520 kernel: [    0.359382] pci 0000:07:00.0: reg 10: [mem 0xf7c00000-0xf7c07fff 64bit]
Apr  9 10:41:51 arunmathew-Vostro-2520 kernel: [    0.359530] pci 0000:07:00.0: supports D1 D2
Apr  9 10:41:51 arunmathew-Vostro-2520 kernel: [    0.359531] pci 0000:07:00.0: PME# supported from D0 D3hot D3cold
Apr  9 10:41:51 arunmathew-Vostro-2520 kernel: [    0.364353] pci 0000:00:1c.3: PCI bridge to [bus 07-07]
Apr  9 10:41:51 arunmathew-Vostro-2520 kernel: [    0.364359] pci 0000:00:1c.3:   bridge window [mem 0xf7c00000-0xf7cfffff]
Apr  9 10:41:51 arunmathew-Vostro-2520 kernel: [    0.364427] pci 0000:09:00.0: [10ec:8168] type 00 class 0x020000
Apr  9 10:41:51 arunmathew-Vostro-2520 kernel: [    0.364447] pci 0000:09:00.0: reg 10: [io  0xe000-0xe0ff]
Apr  9 10:41:51 arunmathew-Vostro-2520 kernel: [    0.364481] pci 0000:09:00.0: reg 18: [mem 0xf0004000-0xf0004fff 64bit pref]
Apr  9 10:41:51 arunmathew-Vostro-2520 kernel: [    0.364502] pci 0000:09:00.0: reg 20: [mem 0xf0000000-0xf0003fff 64bit pref]
Apr  9 10:41:51 arunmathew-Vostro-2520 kernel: [    0.364595] pci 0000:09:00.0: supports D1 D2
Apr  9 10:41:51 arunmathew-Vostro-2520 kernel: [    0.364596] pci 0000:09:00.0: PME# supported from D0 D1 D2 D3hot D3cold
Apr  9 10:41:51 arunmathew-Vostro-2520 kernel: [    0.372316] pci 0000:00:1c.5: PCI bridge to [bus 09-09]
Apr  9 10:41:51 arunmathew-Vostro-2520 kernel: [    0.372320] pci 0000:00:1c.5:   bridge window [io  0xe000-0xefff]
Apr  9 10:41:51 arunmathew-Vostro-2520 kernel: [    0.372327] pci 0000:00:1c.5:   bridge window [mem 0xf0000000-0xf00fffff 64bit pref]
Apr  9 10:41:51 arunmathew-Vostro-2520 kernel: [    0.372350] ACPI: PCI Interrupt Routing Table [\_SB_.PCI0._PRT]
Apr  9 10:41:51 arunmathew-Vostro-2520 kernel: [    0.372449] ACPI: PCI Interrupt Routing Table [\_SB_.PCI0.RP01._PRT]
Apr  9 10:41:51 arunmathew-Vostro-2520 kernel: [    0.372478] ACPI: PCI Interrupt Routing Table [\_SB_.PCI0.RP04._PRT]
Apr  9 10:41:51 arunmathew-Vostro-2520 kernel: [    0.372506] ACPI: PCI Interrupt Routing Table [\_SB_.PCI0.RP06._PRT]
Apr  9 10:41:51 arunmathew-Vostro-2520 kernel: [    0.372622]  pci0000:00: Requesting ACPI _OSC control (0x1d)
Apr  9 10:41:51 arunmathew-Vostro-2520 kernel: [    0.372797]  pci0000:00: ACPI _OSC control (0x19) granted
Apr  9 10:41:51 arunmathew-Vostro-2520 kernel: [    0.375056] ACPI: PCI Interrupt Link [LNKA] (IRQs 3 4 5 6 10 *11 12 14 15)
Apr  9 10:41:51 arunmathew-Vostro-2520 kernel: [    0.375096] ACPI: PCI Interrupt Link [LNKB] (IRQs *3 4 5 6 10 11 12 14 15)
Apr  9 10:41:51 arunmathew-Vostro-2520 kernel: [    0.375131] ACPI: PCI Interrupt Link [LNKC] (IRQs 3 4 5 6 10 *11 12 14 15)
Apr  9 10:41:51 arunmathew-Vostro-2520 kernel: [    0.375167] ACPI: PCI Interrupt Link [LNKD] (IRQs 3 4 5 6 *10 11 12 14 15)
Apr  9 10:41:51 arunmathew-Vostro-2520 kernel: [    0.375202] ACPI: PCI Interrupt Link [LNKE] (IRQs 3 4 5 6 10 11 12 14 15) *0, disabled.
Apr  9 10:41:51 arunmathew-Vostro-2520 kernel: [    0.375236] ACPI: PCI Interrupt Link [LNKF] (IRQs 3 4 5 6 10 11 12 14 15) *0, disabled.
Apr  9 10:41:51 arunmathew-Vostro-2520 kernel: [    0.375269] ACPI: PCI Interrupt Link [LNKG] (IRQs 3 4 *5 6 10 11 12 14 15)
Apr  9 10:41:51 arunmathew-Vostro-2520 kernel: [    0.375302] ACPI: PCI Interrupt Link [LNKH] (IRQs 3 *4 5 6 10 11 12 14 15)
Apr  9 10:41:51 arunmathew-Vostro-2520 kernel: [    0.375373] vgaarb: device added: PCI:0000:00:02.0,decodes=io+mem,owns=io+mem,locks=none
Apr  9 10:41:51 arunmathew-Vostro-2520 kernel: [    0.375378] vgaarb: loaded
Apr  9 10:41:51 arunmathew-Vostro-2520 kernel: [    0.375379] vgaarb: bridge control possible 0000:00:02.0
Apr  9 10:41:51 arunmathew-Vostro-2520 kernel: [    0.375497] SCSI subsystem initialized
Apr  9 10:41:51 arunmathew-Vostro-2520 kernel: [    0.375535] libata version 3.00 loaded.
Apr  9 10:41:51 arunmathew-Vostro-2520 kernel: [    0.375550] ACPI: bus type usb registered
Apr  9 10:41:51 arunmathew-Vostro-2520 kernel: [    0.375564] usbcore: registered new interface driver usbfs
Apr  9 10:41:51 arunmathew-Vostro-2520 kernel: [    0.375570] usbcore: registered new interface driver hub
Apr  9 10:41:51 arunmathew-Vostro-2520 kernel: [    0.375590] usbcore: registered new device driver usb
Apr  9 10:41:51 arunmathew-Vostro-2520 kernel: [    0.375645] PCI: Using ACPI for IRQ routing
Apr  9 10:41:51 arunmathew-Vostro-2520 kernel: [    0.377180] PCI: pci_cache_line_size set to 64 bytes
Apr  9 10:41:51 arunmathew-Vostro-2520 kernel: [    0.377226] e820: reserve RAM buffer [mem 0x0009d400-0x0009ffff]
Apr  9 10:41:51 arunmathew-Vostro-2520 kernel: [    0.377228] e820: reserve RAM buffer [mem 0x40004000-0x43ffffff]
Apr  9 10:41:51 arunmathew-Vostro-2520 kernel: [    0.377229] e820: reserve RAM buffer [mem 0xd7f46000-0xd7ffffff]
Apr  9 10:41:51 arunmathew-Vostro-2520 kernel: [    0.377230] e820: reserve RAM buffer [mem 0xda202000-0xdbffffff]
Apr  9 10:41:51 arunmathew-Vostro-2520 kernel: [    0.377232] e820: reserve RAM buffer [mem 0xda9d6000-0xdbffffff]
Apr  9 10:41:51 arunmathew-Vostro-2520 kernel: [    0.377233] e820: reserve RAM buffer [mem 0xdb000000-0xdbffffff]
Apr  9 10:41:51 arunmathew-Vostro-2520 kernel: [    0.377234] e820: reserve RAM buffer [mem 0x21f600000-0x21fffffff]
Apr  9 10:41:51 arunmathew-Vostro-2520 kernel: [    0.377301] NetLabel: Initializing
Apr  9 10:41:51 arunmathew-Vostro-2520 kernel: [    0.377302] NetLabel:  domain hash size = 128
Apr  9 10:41:51 arunmathew-Vostro-2520 kernel: [    0.377303] NetLabel:  protocols = UNLABELED CIPSOv4
Apr  9 10:41:51 arunmathew-Vostro-2520 kernel: [    0.377312] NetLabel:  unlabeled traffic allowed by default
Apr  9 10:41:51 arunmathew-Vostro-2520 kernel: [    0.377360] hpet0: at MMIO 0xfed00000, IRQs 2, 8, 0, 0, 0, 0, 0, 0
Apr  9 10:41:51 arunmathew-Vostro-2520 kernel: [    0.377365] hpet0: 8 comparators, 64-bit 14.318180 MHz counter
Apr  9 10:41:51 arunmathew-Vostro-2520 kernel: [    0.379373] Switching to clocksource hpet
Apr  9 10:41:51 arunmathew-Vostro-2520 kernel: [    0.383975] AppArmor: AppArmor Filesystem Enabled
Apr  9 10:41:51 arunmathew-Vostro-2520 kernel: [    0.383993] pnp: PnP ACPI init
Apr  9 10:41:51 arunmathew-Vostro-2520 kernel: [    0.384005] ACPI: bus type pnp registered
Apr  9 10:41:51 arunmathew-Vostro-2520 kernel: [    0.384224] pnp 00:00: [bus 00-3e]
Apr  9 10:41:51 arunmathew-Vostro-2520 kernel: [    0.384226] pnp 00:00: [io  0x0000-0x0cf7 window]
Apr  9 10:41:51 arunmathew-Vostro-2520 kernel: [    0.384228] pnp 00:00: [io  0x0cf8-0x0cff]
Apr  9 10:41:51 arunmathew-Vostro-2520 kernel: [    0.384229] pnp 00:00: [io  0x0d00-0xffff window]
Apr  9 10:41:51 arunmathew-Vostro-2520 kernel: [    0.384231] pnp 00:00: [mem 0x000a0000-0x000bffff window]
Apr  9 10:41:51 arunmathew-Vostro-2520 kernel: [    0.384232] pnp 00:00: [mem 0x000c0000-0x000c3fff window]
Apr  9 10:41:51 arunmathew-Vostro-2520 kernel: [    0.384234] pnp 00:00: [mem 0x000c4000-0x000c7fff window]
Apr  9 10:41:51 arunmathew-Vostro-2520 kernel: [    0.384235] pnp 00:00: [mem 0x000c8000-0x000cbfff window]
Apr  9 10:41:51 arunmathew-Vostro-2520 kernel: [    0.384237] pnp 00:00: [mem 0x000cc000-0x000cffff window]
Apr  9 10:41:51 arunmathew-Vostro-2520 kernel: [    0.384238] pnp 00:00: [mem 0x000d0000-0x000d3fff window]
Apr  9 10:41:51 arunmathew-Vostro-2520 kernel: [    0.384240] pnp 00:00: [mem 0x000d4000-0x000d7fff window]
Apr  9 10:41:51 arunmathew-Vostro-2520 kernel: [    0.384241] pnp 00:00: [mem 0x000d8000-0x000dbfff window]
Apr  9 10:41:51 arunmathew-Vostro-2520 kernel: [    0.384242] pnp 00:00: [mem 0x000dc000-0x000dffff window]
Apr  9 10:41:51 arunmathew-Vostro-2520 kernel: [    0.384244] pnp 00:00: [mem 0x000e0000-0x000e3fff window]
Apr  9 10:41:51 arunmathew-Vostro-2520 kernel: [    0.384245] pnp 00:00: [mem 0x000e4000-0x000e7fff window]
Apr  9 10:41:51 arunmathew-Vostro-2520 kernel: [    0.384247] pnp 00:00: [mem 0x000e8000-0x000ebfff window]
Apr  9 10:41:51 arunmathew-Vostro-2520 kernel: [    0.384249] pnp 00:00: [mem 0x000ec000-0x000effff window]
Apr  9 10:41:51 arunmathew-Vostro-2520 kernel: [    0.384251] pnp 00:00: [mem 0x000f0000-0x000fffff window]
Apr  9 10:41:51 arunmathew-Vostro-2520 kernel: [    0.384252] pnp 00:00: [mem 0xdfa00000-0xfeafffff window]
Apr  9 10:41:51 arunmathew-Vostro-2520 kernel: [    0.384254] pnp 00:00: [mem 0x00010000-0x0001ffff window]
Apr  9 10:41:51 arunmathew-Vostro-2520 kernel: [    0.384309] pnp 00:00: Plug and Play ACPI device, IDs PNP0a08 PNP0a03 (active)
Apr  9 10:41:51 arunmathew-Vostro-2520 kernel: [    0.384319] pnp 00:01: [io  0x0000-0x001f]
Apr  9 10:41:51 arunmathew-Vostro-2520 kernel: [    0.384320] pnp 00:01: [io  0x0081-0x0091]
Apr  9 10:41:51 arunmathew-Vostro-2520 kernel: [    0.384322] pnp 00:01: [io  0x0093-0x009f]
Apr  9 10:41:51 arunmathew-Vostro-2520 kernel: [    0.384323] pnp 00:01: [io  0x00c0-0x00df]
Apr  9 10:41:51 arunmathew-Vostro-2520 kernel: [    0.384324] pnp 00:01: [dma 4]
Apr  9 10:41:51 arunmathew-Vostro-2520 kernel: [    0.384341] pnp 00:01: Plug and Play ACPI device, IDs PNP0200 (active)
Apr  9 10:41:51 arunmathew-Vostro-2520 kernel: [    0.384347] pnp 00:02: [mem 0xff000000-0xffffffff]
Apr  9 10:41:51 arunmathew-Vostro-2520 kernel: [    0.384359] pnp 00:02: Plug and Play ACPI device, IDs INT0800 (active)
Apr  9 10:41:51 arunmathew-Vostro-2520 kernel: [    0.384421] pnp 00:03: [mem 0xfed00000-0xfed003ff]
Apr  9 10:41:51 arunmathew-Vostro-2520 kernel: [    0.384436] pnp 00:03: Plug and Play ACPI device, IDs PNP0103 (active)
Apr  9 10:41:51 arunmathew-Vostro-2520 kernel: [    0.384445] pnp 00:04: [io  0x002e-0x002f]
Apr  9 10:41:51 arunmathew-Vostro-2520 kernel: [    0.384446] pnp 00:04: [io  0x004e-0x004f]
Apr  9 10:41:51 arunmathew-Vostro-2520 kernel: [    0.384447] pnp 00:04: [io  0x0061]
Apr  9 10:41:51 arunmathew-Vostro-2520 kernel: [    0.384448] pnp 00:04: [io  0x0063]
Apr  9 10:41:51 arunmathew-Vostro-2520 kernel: [    0.384450] pnp 00:04: [io  0x0065]
Apr  9 10:41:51 arunmathew-Vostro-2520 kernel: [    0.384451] pnp 00:04: [io  0x0067]
Apr  9 10:41:51 arunmathew-Vostro-2520 kernel: [    0.384452] pnp 00:04: [io  0x0070]
Apr  9 10:41:51 arunmathew-Vostro-2520 kernel: [    0.384453] pnp 00:04: [io  0x0080]
Apr  9 10:41:51 arunmathew-Vostro-2520 kernel: [    0.384454] pnp 00:04: [io  0x0092]
Apr  9 10:41:51 arunmathew-Vostro-2520 kernel: [    0.384456] pnp 00:04: [io  0x00b2-0x00b3]
Apr  9 10:41:51 arunmathew-Vostro-2520 kernel: [    0.384457] pnp 00:04: [io  0x0680-0x069f]
Apr  9 10:41:51 arunmathew-Vostro-2520 kernel: [    0.384458] pnp 00:04: [io  0x1000-0x100f]
Apr  9 10:41:51 arunmathew-Vostro-2520 kernel: [    0.384459] pnp 00:04: [io  0xffff]
Apr  9 10:41:51 arunmathew-Vostro-2520 kernel: [    0.384461] pnp 00:04: [io  0xffff]
Apr  9 10:41:51 arunmathew-Vostro-2520 kernel: [    0.384462] pnp 00:04: [io  0x0400-0x0453]
Apr  9 10:41:51 arunmathew-Vostro-2520 kernel: [    0.384463] pnp 00:04: [io  0x0458-0x047f]
Apr  9 10:41:51 arunmathew-Vostro-2520 kernel: [    0.384464] pnp 00:04: [io  0x0500-0x057f]
Apr  9 10:41:51 arunmathew-Vostro-2520 kernel: [    0.384466] pnp 00:04: [io  0x164e-0x164f]
Apr  9 10:41:51 arunmathew-Vostro-2520 kernel: [    0.384493] system 00:04: [io  0x0680-0x069f] has been reserved
Apr  9 10:41:51 arunmathew-Vostro-2520 kernel: [    0.384495] system 00:04: [io  0x1000-0x100f] has been reserved
Apr  9 10:41:51 arunmathew-Vostro-2520 kernel: [    0.384497] system 00:04: [io  0xffff] has been reserved
Apr  9 10:41:51 arunmathew-Vostro-2520 kernel: [    0.384498] system 00:04: [io  0xffff] has been reserved
Apr  9 10:41:51 arunmathew-Vostro-2520 kernel: [    0.384500] system 00:04: [io  0x0400-0x0453] has been reserved
Apr  9 10:41:51 arunmathew-Vostro-2520 kernel: [    0.384501] system 00:04: [io  0x0458-0x047f] has been reserved
Apr  9 10:41:51 arunmathew-Vostro-2520 kernel: [    0.384503] system 00:04: [io  0x0500-0x057f] has been reserved
Apr  9 10:41:51 arunmathew-Vostro-2520 kernel: [    0.384505] system 00:04: [io  0x164e-0x164f] has been reserved
Apr  9 10:41:51 arunmathew-Vostro-2520 kernel: [    0.384507] system 00:04: Plug and Play ACPI device, IDs PNP0c02 (active)
Apr  9 10:41:51 arunmathew-Vostro-2520 kernel: [    0.384513] pnp 00:05: [io  0x0070-0x0077]
Apr  9 10:41:51 arunmathew-Vostro-2520 kernel: [    0.384521] pnp 00:05: [irq 8]
Apr  9 10:41:51 arunmathew-Vostro-2520 kernel: [    0.384535] pnp 00:05: Plug and Play ACPI device, IDs PNP0b00 (active)
Apr  9 10:41:51 arunmathew-Vostro-2520 kernel: [    0.384555] pnp 00:06: [io  0x0454-0x0457]
Apr  9 10:41:51 arunmathew-Vostro-2520 kernel: [    0.384576] system 00:06: [io  0x0454-0x0457] has been reserved
Apr  9 10:41:51 arunmathew-Vostro-2520 kernel: [    0.384578] system 00:06: Plug and Play ACPI device, IDs INT3f0d PNP0c02 (active)
Apr  9 10:41:51 arunmathew-Vostro-2520 kernel: [    0.384584] pnp 00:07: [io  0x00f0-0x00ff]
Apr  9 10:41:51 arunmathew-Vostro-2520 kernel: [    0.384588] pnp 00:07: [irq 13]
Apr  9 10:41:51 arunmathew-Vostro-2520 kernel: [    0.384602] pnp 00:07: Plug and Play ACPI device, IDs PNP0c04 (active)
Apr  9 10:41:51 arunmathew-Vostro-2520 kernel: [    0.384613] pnp 00:08: [io  0x0010-0x001f]
Apr  9 10:41:51 arunmathew-Vostro-2520 kernel: [    0.384615] pnp 00:08: [io  0x0022-0x003f]
Apr  9 10:41:51 arunmathew-Vostro-2520 kernel: [    0.384616] pnp 00:08: [io  0x0044-0x005f]
Apr  9 10:41:51 arunmathew-Vostro-2520 kernel: [    0.384617] pnp 00:08: [io  0x0068-0x006f]
Apr  9 10:41:51 arunmathew-Vostro-2520 kernel: [    0.384619] pnp 00:08: [io  0x0072-0x007f]
Apr  9 10:41:51 arunmathew-Vostro-2520 kernel: [    0.384620] pnp 00:08: [io  0x0080]
Apr  9 10:41:51 arunmathew-Vostro-2520 kernel: [    0.384621] pnp 00:08: [io  0x0084-0x0086]
Apr  9 10:41:51 arunmathew-Vostro-2520 kernel: [    0.384622] pnp 00:08: [io  0x0088]
Apr  9 10:41:51 arunmathew-Vostro-2520 kernel: [    0.384625] pnp 00:08: [io  0x008c-0x008e]
Apr  9 10:41:51 arunmathew-Vostro-2520 kernel: [    0.384626] pnp 00:08: [io  0x0090-0x009f]
Apr  9 10:41:51 arunmathew-Vostro-2520 kernel: [    0.384627] pnp 00:08: [io  0x00a2-0x00bf]
Apr  9 10:41:51 arunmathew-Vostro-2520 kernel: [    0.384629] pnp 00:08: [io  0x00e0-0x00ef]
Apr  9 10:41:51 arunmathew-Vostro-2520 kernel: [    0.384630] pnp 00:08: [io  0x04d0-0x04d1]
Apr  9 10:41:51 arunmathew-Vostro-2520 kernel: [    0.384631] pnp 00:08: [mem 0xfe800000-0xfe802fff]
Apr  9 10:41:51 arunmathew-Vostro-2520 kernel: [    0.384655] system 00:08: [io  0x04d0-0x04d1] has been reserved
Apr  9 10:41:51 arunmathew-Vostro-2520 kernel: [    0.384658] system 00:08: [mem 0xfe800000-0xfe802fff] has been reserved
Apr  9 10:41:51 arunmathew-Vostro-2520 kernel: [    0.384660] system 00:08: Plug and Play ACPI device, IDs PNP0c02 (active)
Apr  9 10:41:51 arunmathew-Vostro-2520 kernel: [    0.384673] pnp 00:09: [irq 12]
Apr  9 10:41:51 arunmathew-Vostro-2520 kernel: [    0.384688] pnp 00:09: Plug and Play ACPI device, IDs DLL0558 SYN0600 SYN0002 PNP0f13 (active)
Apr  9 10:41:51 arunmathew-Vostro-2520 kernel: [    0.384697] pnp 00:0a: [io  0x0060]
Apr  9 10:41:51 arunmathew-Vostro-2520 kernel: [    0.384699] pnp 00:0a: [io  0x0064]
Apr  9 10:41:51 arunmathew-Vostro-2520 kernel: [    0.384700] pnp 00:0a: [io  0x0062]
Apr  9 10:41:51 arunmathew-Vostro-2520 kernel: [    0.384701] pnp 00:0a: [io  0x0066]
Apr  9 10:41:51 arunmathew-Vostro-2520 kernel: [    0.384705] pnp 00:0a: [irq 1]
Apr  9 10:41:51 arunmathew-Vostro-2520 kernel: [    0.384720] pnp 00:0a: Plug and Play ACPI device, IDs PNP0303 (active)
Apr  9 10:41:51 arunmathew-Vostro-2520 kernel: [    0.384860] pnp 00:0b: [mem 0xfed1c000-0xfed1ffff]
Apr  9 10:41:51 arunmathew-Vostro-2520 kernel: [    0.384861] pnp 00:0b: [mem 0xfed10000-0xfed17fff]
Apr  9 10:41:51 arunmathew-Vostro-2520 kernel: [    0.384863] pnp 00:0b: [mem 0xfed18000-0xfed18fff]
Apr  9 10:41:51 arunmathew-Vostro-2520 kernel: [    0.384864] pnp 00:0b: [mem 0xfed19000-0xfed19fff]
Apr  9 10:41:51 arunmathew-Vostro-2520 kernel: [    0.384865] pnp 00:0b: [mem 0xf8000000-0xfbffffff]
Apr  9 10:41:51 arunmathew-Vostro-2520 kernel: [    0.384867] pnp 00:0b: [mem 0xfed20000-0xfed3ffff]
Apr  9 10:41:51 arunmathew-Vostro-2520 kernel: [    0.384868] pnp 00:0b: [mem 0xfed90000-0xfed93fff]
Apr  9 10:41:51 arunmathew-Vostro-2520 kernel: [    0.384869] pnp 00:0b: [mem 0xfed45000-0xfed8ffff]
Apr  9 10:41:51 arunmathew-Vostro-2520 kernel: [    0.384870] pnp 00:0b: [mem 0xff000000-0xffffffff]
Apr  9 10:41:51 arunmathew-Vostro-2520 kernel: [    0.384872] pnp 00:0b: [mem 0xfee00000-0xfeefffff]
Apr  9 10:41:51 arunmathew-Vostro-2520 kernel: [    0.384873] pnp 00:0b: [mem 0xdfa00000-0xdfa00fff]
Apr  9 10:41:51 arunmathew-Vostro-2520 kernel: [    0.384911] system 00:0b: [mem 0xfed1c000-0xfed1ffff] has been reserved
Apr  9 10:41:51 arunmathew-Vostro-2520 kernel: [    0.384913] system 00:0b: [mem 0xfed10000-0xfed17fff] has been reserved
Apr  9 10:41:51 arunmathew-Vostro-2520 kernel: [    0.384914] system 00:0b: [mem 0xfed18000-0xfed18fff] has been reserved
Apr  9 10:41:51 arunmathew-Vostro-2520 kernel: [    0.384916] system 00:0b: [mem 0xfed19000-0xfed19fff] has been reserved
Apr  9 10:41:51 arunmathew-Vostro-2520 kernel: [    0.384918] system 00:0b: [mem 0xf8000000-0xfbffffff] has been reserved
Apr  9 10:41:51 arunmathew-Vostro-2520 kernel: [    0.384919] system 00:0b: [mem 0xfed20000-0xfed3ffff] has been reserved
Apr  9 10:41:51 arunmathew-Vostro-2520 kernel: [    0.384921] system 00:0b: [mem 0xfed90000-0xfed93fff] has been reserved
Apr  9 10:41:51 arunmathew-Vostro-2520 kernel: [    0.384922] system 00:0b: [mem 0xfed45000-0xfed8ffff] has been reserved
Apr  9 10:41:51 arunmathew-Vostro-2520 kernel: [    0.384924] system 00:0b: [mem 0xff000000-0xffffffff] has been reserved
Apr  9 10:41:51 arunmathew-Vostro-2520 kernel: [    0.384926] system 00:0b: [mem 0xfee00000-0xfeefffff] could not be reserved
Apr  9 10:41:51 arunmathew-Vostro-2520 kernel: [    0.384928] system 00:0b: [mem 0xdfa00000-0xdfa00fff] has been reserved
Apr  9 10:41:51 arunmathew-Vostro-2520 kernel: [    0.384930] system 00:0b: Plug and Play ACPI device, IDs PNP0c02 (active)
Apr  9 10:41:51 arunmathew-Vostro-2520 kernel: [    0.385045] pnp 00:0c: [mem 0x20000000-0x201fffff]
Apr  9 10:41:51 arunmathew-Vostro-2520 kernel: [    0.385046] pnp 00:0c: [mem 0x40004000-0x40004fff]
Apr  9 10:41:51 arunmathew-Vostro-2520 kernel: [    0.385086] system 00:0c: [mem 0x20000000-0x201fffff] has been reserved
Apr  9 10:41:51 arunmathew-Vostro-2520 kernel: [    0.385087] system 00:0c: [mem 0x40004000-0x40004fff] has been reserved
Apr  9 10:41:51 arunmathew-Vostro-2520 kernel: [    0.385089] system 00:0c: Plug and Play ACPI device, IDs PNP0c01 (active)
Apr  9 10:41:51 arunmathew-Vostro-2520 kernel: [    0.385123] pnp: PnP ACPI: found 13 devices
Apr  9 10:41:51 arunmathew-Vostro-2520 kernel: [    0.385124] ACPI: ACPI bus type pnp unregistered
Apr  9 10:41:51 arunmathew-Vostro-2520 kernel: [    0.391074] pci 0000:00:1c.0: PCI bridge to [bus 04-04]
Apr  9 10:41:51 arunmathew-Vostro-2520 kernel: [    0.391086] pci 0000:00:1c.3: PCI bridge to [bus 07-07]
Apr  9 10:41:51 arunmathew-Vostro-2520 kernel: [    0.391090] pci 0000:00:1c.3:   bridge window [mem 0xf7c00000-0xf7cfffff]
Apr  9 10:41:51 arunmathew-Vostro-2520 kernel: [    0.391098] pci 0000:00:1c.5: PCI bridge to [bus 09-09]
Apr  9 10:41:51 arunmathew-Vostro-2520 kernel: [    0.391100] pci 0000:00:1c.5:   bridge window [io  0xe000-0xefff]
Apr  9 10:41:51 arunmathew-Vostro-2520 kernel: [    0.391107] pci 0000:00:1c.5:   bridge window [mem 0xf0000000-0xf00fffff 64bit pref]
Apr  9 10:41:51 arunmathew-Vostro-2520 kernel: [    0.391136] pci_bus 0000:00: resource 4 [io  0x0000-0x0cf7]
Apr  9 10:41:51 arunmathew-Vostro-2520 kernel: [    0.391138] pci_bus 0000:00: resource 5 [io  0x0d00-0xffff]
Apr  9 10:41:51 arunmathew-Vostro-2520 kernel: [    0.391139] pci_bus 0000:00: resource 6 [mem 0x000a0000-0x000bffff]
Apr  9 10:41:51 arunmathew-Vostro-2520 kernel: [    0.391141] pci_bus 0000:00: resource 7 [mem 0x000d0000-0x000d3fff]
Apr  9 10:41:51 arunmathew-Vostro-2520 kernel: [    0.391142] pci_bus 0000:00: resource 8 [mem 0x000d4000-0x000d7fff]
Apr  9 10:41:51 arunmathew-Vostro-2520 kernel: [    0.391144] pci_bus 0000:00: resource 9 [mem 0x000d8000-0x000dbfff]
Apr  9 10:41:51 arunmathew-Vostro-2520 kernel: [    0.391145] pci_bus 0000:00: resource 10 [mem 0x000dc000-0x000dffff]
Apr  9 10:41:51 arunmathew-Vostro-2520 kernel: [    0.391147] pci_bus 0000:00: resource 11 [mem 0x000e0000-0x000e3fff]
Apr  9 10:41:51 arunmathew-Vostro-2520 kernel: [    0.391148] pci_bus 0000:00: resource 12 [mem 0x000e4000-0x000e7fff]
Apr  9 10:41:51 arunmathew-Vostro-2520 kernel: [    0.391150] pci_bus 0000:00: resource 13 [mem 0xdfa00000-0xfeafffff]
Apr  9 10:41:51 arunmathew-Vostro-2520 kernel: [    0.391151] pci_bus 0000:07: resource 1 [mem 0xf7c00000-0xf7cfffff]
Apr  9 10:41:51 arunmathew-Vostro-2520 kernel: [    0.391153] pci_bus 0000:09: resource 0 [io  0xe000-0xefff]
Apr  9 10:41:51 arunmathew-Vostro-2520 kernel: [    0.391155] pci_bus 0000:09: resource 2 [mem 0xf0000000-0xf00fffff 64bit pref]
Apr  9 10:41:51 arunmathew-Vostro-2520 kernel: [    0.391176] NET: Registered protocol family 2
Apr  9 10:41:51 arunmathew-Vostro-2520 kernel: [    0.391309] IP route cache hash table entries: 262144 (order: 9, 2097152 bytes)
Apr  9 10:41:51 arunmathew-Vostro-2520 kernel: [    0.391872] TCP established hash table entries: 524288 (order: 11, 8388608 bytes)
Apr  9 10:41:51 arunmathew-Vostro-2520 kernel: [    0.392885] TCP bind hash table entries: 65536 (order: 8, 1048576 bytes)
Apr  9 10:41:51 arunmathew-Vostro-2520 kernel: [    0.393011] TCP: Hash tables configured (established 524288 bind 65536)
Apr  9 10:41:51 arunmathew-Vostro-2520 kernel: [    0.393013] TCP: reno registered
Apr  9 10:41:51 arunmathew-Vostro-2520 kernel: [    0.393025] UDP hash table entries: 4096 (order: 5, 131072 bytes)
Apr  9 10:41:51 arunmathew-Vostro-2520 kernel: [    0.393050] UDP-Lite hash table entries: 4096 (order: 5, 131072 bytes)
Apr  9 10:41:51 arunmathew-Vostro-2520 kernel: [    0.393107] NET: Registered protocol family 1
Apr  9 10:41:51 arunmathew-Vostro-2520 kernel: [    0.393118] pci 0000:00:02.0: Boot video device
Apr  9 10:41:51 arunmathew-Vostro-2520 kernel: [    0.431460] PCI: CLS 64 bytes, default 64
Apr  9 10:41:51 arunmathew-Vostro-2520 kernel: [    0.431463] PCI-DMA: Using software bounce buffering for IO (SWIOTLB)
Apr  9 10:41:51 arunmathew-Vostro-2520 kernel: [    0.431465] software IO TLB [mem 0xd3f46000-0xd7f45fff] (64MB) mapped at [ffff8800d3f46000-ffff8800d7f45fff]
Apr  9 10:41:51 arunmathew-Vostro-2520 kernel: [    0.431836] audit: initializing netlink socket (disabled)
Apr  9 10:41:51 arunmathew-Vostro-2520 kernel: [    0.431845] type=2000 audit(1397020284.324:1): initialized
Apr  9 10:41:51 arunmathew-Vostro-2520 kernel: [    0.452675] HugeTLB registered 2 MB page size, pre-allocated 0 pages
Apr  9 10:41:51 arunmathew-Vostro-2520 kernel: [    0.453753] Freeing initrd memory: 15748k freed
Apr  9 10:41:51 arunmathew-Vostro-2520 kernel: [    0.454040] VFS: Disk quotas dquot_6.5.2
Apr  9 10:41:51 arunmathew-Vostro-2520 kernel: [    0.454070] Dquot-cache hash table entries: 512 (order 0, 4096 bytes)
Apr  9 10:41:51 arunmathew-Vostro-2520 kernel: [    0.454432] fuse init (API version 7.19)
Apr  9 10:41:51 arunmathew-Vostro-2520 kernel: [    0.454493] msgmni has been set to 15683
Apr  9 10:41:51 arunmathew-Vostro-2520 kernel: [    0.454777] Block layer SCSI generic (bsg) driver version 0.4 loaded (major 252)
Apr  9 10:41:51 arunmathew-Vostro-2520 kernel: [    0.454801] io scheduler noop registered
Apr  9 10:41:51 arunmathew-Vostro-2520 kernel: [    0.454803] io scheduler deadline registered (default)
Apr  9 10:41:51 arunmathew-Vostro-2520 kernel: [    0.454822] io scheduler cfq registered
Apr  9 10:41:51 arunmathew-Vostro-2520 kernel: [    0.455033] pci_hotplug: PCI Hot Plug PCI Core version: 0.5
Apr  9 10:41:51 arunmathew-Vostro-2520 kernel: [    0.455044] pciehp: PCI Express Hot Plug Controller Driver version: 0.4
Apr  9 10:41:51 arunmathew-Vostro-2520 kernel: [    0.455081] intel_idle: MWAIT substates: 0x21120
Apr  9 10:41:51 arunmathew-Vostro-2520 kernel: [    0.455082] intel_idle: v0.4 model 0x3A
Apr  9 10:41:51 arunmathew-Vostro-2520 kernel: [    0.455083] intel_idle: lapic_timer_reliable_states 0xffffffff
Apr  9 10:41:51 arunmathew-Vostro-2520 kernel: [    0.455198] ACPI: AC Adapter [AC] (on-line)
Apr  9 10:41:51 arunmathew-Vostro-2520 kernel: [    0.455296] input: Lid Switch as /devices/LNXSYSTM:00/LNXSYBUS:00/PNP0C0D:00/input/input0
Apr  9 10:41:51 arunmathew-Vostro-2520 kernel: [    0.456083] ACPI: Lid Switch [LID0]
Apr  9 10:41:51 arunmathew-Vostro-2520 kernel: [    0.456115] input: Power Button as /devices/LNXSYSTM:00/LNXSYBUS:00/PNP0C0C:00/input/input1
Apr  9 10:41:51 arunmathew-Vostro-2520 kernel: [    0.456119] ACPI: Power Button [PWRB]
Apr  9 10:41:51 arunmathew-Vostro-2520 kernel: [    0.456145] input: Sleep Button as /devices/LNXSYSTM:00/LNXSYBUS:00/PNP0C0E:00/input/input2
Apr  9 10:41:51 arunmathew-Vostro-2520 kernel: [    0.456147] ACPI: Sleep Button [SBTN]
Apr  9 10:41:51 arunmathew-Vostro-2520 kernel: [    0.456170] input: Power Button as /devices/LNXSYSTM:00/LNXPWRBN:00/input/input3
Apr  9 10:41:51 arunmathew-Vostro-2520 kernel: [    0.456172] ACPI: Power Button [PWRF]
Apr  9 10:41:51 arunmathew-Vostro-2520 kernel: [    0.456238] ACPI: Requesting acpi_cpufreq
Apr  9 10:41:51 arunmathew-Vostro-2520 kernel: [    0.465505] thermal LNXTHERM:00: registered as thermal_zone0
Apr  9 10:41:51 arunmathew-Vostro-2520 kernel: [    0.465507] ACPI: Thermal Zone [THM] (46 C)
Apr  9 10:41:51 arunmathew-Vostro-2520 kernel: [    0.465526] ACPI: Battery Slot [BAT0] (battery present)
Apr  9 10:41:51 arunmathew-Vostro-2520 kernel: [    0.465541] GHES: HEST is not enabled!
Apr  9 10:41:51 arunmathew-Vostro-2520 kernel: [    0.465596] Serial: 8250/16550 driver, 32 ports, IRQ sharing enabled
Apr  9 10:41:51 arunmathew-Vostro-2520 kernel: [    0.487498] Linux agpgart interface v0.103
Apr  9 10:41:51 arunmathew-Vostro-2520 kernel: [    0.488389] brd: module loaded
Apr  9 10:41:51 arunmathew-Vostro-2520 kernel: [    0.488864] loop: module loaded
Apr  9 10:41:51 arunmathew-Vostro-2520 kernel: [    0.489082] Fixed MDIO Bus: probed
Apr  9 10:41:51 arunmathew-Vostro-2520 kernel: [    0.489109] tun: Universal TUN/TAP device driver, 1.6
Apr  9 10:41:51 arunmathew-Vostro-2520 kernel: [    0.489110] tun: (C) 1999-2004 Max Krasnyansky <maxk@qualcomm.com>
Apr  9 10:41:51 arunmathew-Vostro-2520 kernel: [    0.489144] PPP generic driver version 2.4.2
Apr  9 10:41:51 arunmathew-Vostro-2520 kernel: [    0.489180] ehci_hcd: USB 2.0 'Enhanced' Host Controller (EHCI) Driver
Apr  9 10:41:51 arunmathew-Vostro-2520 kernel: [    0.489213] ehci_hcd 0000:00:1a.0: setting latency timer to 64
Apr  9 10:41:51 arunmathew-Vostro-2520 kernel: [    0.489216] ehci_hcd 0000:00:1a.0: EHCI Host Controller
Apr  9 10:41:51 arunmathew-Vostro-2520 kernel: [    0.489221] ehci_hcd 0000:00:1a.0: new USB bus registered, assigned bus number 1
Apr  9 10:41:51 arunmathew-Vostro-2520 kernel: [    0.489243] ehci_hcd 0000:00:1a.0: debug port 2
Apr  9 10:41:51 arunmathew-Vostro-2520 kernel: [    0.493116] ehci_hcd 0000:00:1a.0: cache line size of 64 is not supported
Apr  9 10:41:51 arunmathew-Vostro-2520 kernel: [    0.493130] ehci_hcd 0000:00:1a.0: irq 16, io mem 0xf7d08000
Apr  9 10:41:51 arunmathew-Vostro-2520 kernel: [    0.499606] ACPI: Battery Slot [BAT0] (battery present)
Apr  9 10:41:51 arunmathew-Vostro-2520 kernel: [    0.503306] ehci_hcd 0000:00:1a.0: USB 2.0 started, EHCI 1.00
Apr  9 10:41:51 arunmathew-Vostro-2520 kernel: [    0.503333] usb usb1: New USB device found, idVendor=1d6b, idProduct=0002
Apr  9 10:41:51 arunmathew-Vostro-2520 kernel: [    0.503337] usb usb1: New USB device strings: Mfr=3, Product=2, SerialNumber=1
Apr  9 10:41:51 arunmathew-Vostro-2520 kernel: [    0.503349] usb usb1: Product: EHCI Host Controller
Apr  9 10:41:51 arunmathew-Vostro-2520 kernel: [    0.503351] usb usb1: Manufacturer: Linux 3.5.0-47-generic ehci_hcd
Apr  9 10:41:51 arunmathew-Vostro-2520 kernel: [    0.503352] usb usb1: SerialNumber: 0000:00:1a.0
Apr  9 10:41:51 arunmathew-Vostro-2520 kernel: [    0.503441] hub 1-0:1.0: USB hub found
Apr  9 10:41:51 arunmathew-Vostro-2520 kernel: [    0.503444] hub 1-0:1.0: 2 ports detected
Apr  9 10:41:51 arunmathew-Vostro-2520 kernel: [    0.503494] ehci_hcd 0000:00:1d.0: setting latency timer to 64
Apr  9 10:41:51 arunmathew-Vostro-2520 kernel: [    0.503497] ehci_hcd 0000:00:1d.0: EHCI Host Controller
Apr  9 10:41:51 arunmathew-Vostro-2520 kernel: [    0.503504] ehci_hcd 0000:00:1d.0: new USB bus registered, assigned bus number 2
Apr  9 10:41:51 arunmathew-Vostro-2520 kernel: [    0.503522] ehci_hcd 0000:00:1d.0: debug port 2
Apr  9 10:41:51 arunmathew-Vostro-2520 kernel: [    0.507400] ehci_hcd 0000:00:1d.0: cache line size of 64 is not supported
Apr  9 10:41:51 arunmathew-Vostro-2520 kernel: [    0.507411] ehci_hcd 0000:00:1d.0: irq 23, io mem 0xf7d07000
Apr  9 10:41:51 arunmathew-Vostro-2520 kernel: [    0.519277] ehci_hcd 0000:00:1d.0: USB 2.0 started, EHCI 1.00
Apr  9 10:41:51 arunmathew-Vostro-2520 kernel: [    0.519297] usb usb2: New USB device found, idVendor=1d6b, idProduct=0002
Apr  9 10:41:51 arunmathew-Vostro-2520 kernel: [    0.519300] usb usb2: New USB device strings: Mfr=3, Product=2, SerialNumber=1
Apr  9 10:41:51 arunmathew-Vostro-2520 kernel: [    0.519303] usb usb2: Product: EHCI Host Controller
Apr  9 10:41:51 arunmathew-Vostro-2520 kernel: [    0.519307] usb usb2: Manufacturer: Linux 3.5.0-47-generic ehci_hcd
Apr  9 10:41:51 arunmathew-Vostro-2520 kernel: [    0.519319] usb usb2: SerialNumber: 0000:00:1d.0
Apr  9 10:41:51 arunmathew-Vostro-2520 kernel: [    0.519401] hub 2-0:1.0: USB hub found
Apr  9 10:41:51 arunmathew-Vostro-2520 kernel: [    0.519404] hub 2-0:1.0: 2 ports detected
Apr  9 10:41:51 arunmathew-Vostro-2520 kernel: [    0.519439] ohci_hcd: USB 1.1 'Open' Host Controller (OHCI) Driver
Apr  9 10:41:51 arunmathew-Vostro-2520 kernel: [    0.519450] uhci_hcd: USB Universal Host Controller Interface driver
Apr  9 10:41:51 arunmathew-Vostro-2520 kernel: [    0.519479] usbcore: registered new interface driver libusual
Apr  9 10:41:51 arunmathew-Vostro-2520 kernel: [    0.519505] i8042: PNP: PS/2 Controller [PNP0303:PS2K,PNP0f13:PS2M] at 0x60,0x64 irq 1,12
Apr  9 10:41:51 arunmathew-Vostro-2520 kernel: [    0.522784] serio: i8042 KBD port at 0x60,0x64 irq 1
Apr  9 10:41:51 arunmathew-Vostro-2520 kernel: [    0.522788] serio: i8042 AUX port at 0x60,0x64 irq 12
Apr  9 10:41:51 arunmathew-Vostro-2520 kernel: [    0.522864] mousedev: PS/2 mouse device common for all mice
Apr  9 10:41:51 arunmathew-Vostro-2520 kernel: [    0.522992] rtc_cmos 00:05: RTC can wake from S4
Apr  9 10:41:51 arunmathew-Vostro-2520 kernel: [    0.523098] rtc_cmos 00:05: rtc core: registered rtc_cmos as rtc0
Apr  9 10:41:51 arunmathew-Vostro-2520 kernel: [    0.523122] rtc0: alarms up to one month, y3k, 242 bytes nvram, hpet irqs
Apr  9 10:41:51 arunmathew-Vostro-2520 kernel: [    0.523169] device-mapper: uevent: version 1.0.3
Apr  9 10:41:51 arunmathew-Vostro-2520 kernel: [    0.523211] device-mapper: ioctl: 4.22.0-ioctl (2011-10-19) initialised: dm-devel@redhat.com
Apr  9 10:41:51 arunmathew-Vostro-2520 kernel: [    0.523284] cpuidle: using governor ladder
Apr  9 10:41:51 arunmathew-Vostro-2520 kernel: [    0.523356] cpuidle: using governor menu
Apr  9 10:41:51 arunmathew-Vostro-2520 kernel: [    0.523358] EFI Variables Facility v0.08 2004-May-17
Apr  9 10:41:51 arunmathew-Vostro-2520 kernel: [    0.523485] ashmem: initialized
Apr  9 10:41:51 arunmathew-Vostro-2520 kernel: [    0.523568] TCP: cubic registered
Apr  9 10:41:51 arunmathew-Vostro-2520 kernel: [    0.523631] NET: Registered protocol family 10
Apr  9 10:41:51 arunmathew-Vostro-2520 kernel: [    0.523740] NET: Registered protocol family 17
Apr  9 10:41:51 arunmathew-Vostro-2520 kernel: [    0.523750] Key type dns_resolver registered
Apr  9 10:41:51 arunmathew-Vostro-2520 kernel: [    0.523851] PM: Hibernation image not present or could not be loaded.
Apr  9 10:41:51 arunmathew-Vostro-2520 kernel: [    0.523860] registered taskstats version 1
Apr  9 10:41:51 arunmathew-Vostro-2520 kernel: [    0.525880] Key type trusted registered
Apr  9 10:41:51 arunmathew-Vostro-2520 kernel: [    0.527700] Key type encrypted registered
Apr  9 10:41:51 arunmathew-Vostro-2520 kernel: [    0.529486]   Magic number: 10:805:162
Apr  9 10:41:51 arunmathew-Vostro-2520 kernel: [    0.529515] acpi device:29: hash matches
Apr  9 10:41:51 arunmathew-Vostro-2520 kernel: [    0.529567] rtc_cmos 00:05: setting system clock to 2014-04-09 05:11:24 UTC (1397020284)
Apr  9 10:41:51 arunmathew-Vostro-2520 kernel: [    0.530078] BIOS EDD facility v0.16 2004-Jun-25, 0 devices found
Apr  9 10:41:51 arunmathew-Vostro-2520 kernel: [    0.530079] EDD information not available.
Apr  9 10:41:51 arunmathew-Vostro-2520 kernel: [    0.531183] Freeing unused kernel memory: 948k freed
Apr  9 10:41:51 arunmathew-Vostro-2520 kernel: [    0.531300] Write protecting the kernel read-only data: 12288k
Apr  9 10:41:51 arunmathew-Vostro-2520 kernel: [    0.534017] Freeing unused kernel memory: 1352k freed
Apr  9 10:41:51 arunmathew-Vostro-2520 anacron[1211]: Anacron 2.3 started on 2014-04-09
Apr  9 10:41:51 arunmathew-Vostro-2520 rpc.statd[1117]: Version 1.2.5 starting
Apr  9 10:41:51 arunmathew-Vostro-2520 rpc.statd[1117]: Flags: TI-RPC 
Apr  9 10:41:51 arunmathew-Vostro-2520 NetworkManager[1069]: <info> Loaded plugin keyfile: (c) 2007 - 2010 Red Hat, Inc.  To report bugs please use the NetworkManager mailing list.
Apr  9 10:41:51 arunmathew-Vostro-2520 NetworkManager[1069]:    Ifupdown: get unmanaged devices count: 0
Apr  9 10:41:51 arunmathew-Vostro-2520 NetworkManager[1069]:    SCPlugin-Ifupdown: (29927216) ... get_connections.
Apr  9 10:41:51 arunmathew-Vostro-2520 NetworkManager[1069]:    SCPlugin-Ifupdown: (29927216) ... get_connections (managed=false): return empty list.
Apr  9 10:41:51 arunmathew-Vostro-2520 NetworkManager[1069]:    keyfile: parsing SPiDiGO ... 
Apr  9 10:41:51 arunmathew-Vostro-2520 acpid: starting up with proc fs
Apr  9 10:41:51 arunmathew-Vostro-2520 ovpn-client[1209]: OpenVPN 2.2.1 x86_64-linux-gnu [SSL] [LZO2] [EPOLL] [PKCS11] [eurephia] [MH] [PF_INET6] [IPv6 payload 20110424-2 (2.2RC2)] built on Feb 27 2013
Apr  9 10:41:51 arunmathew-Vostro-2520 ovpn-client[1209]: ERROR: could not read Auth username from stdin
Apr  9 10:41:51 arunmathew-Vostro-2520 ovpn-client[1209]: Exiting
Apr  9 10:41:51 arunmathew-Vostro-2520 acpid: 35 rules loaded
Apr  9 10:41:51 arunmathew-Vostro-2520 acpid: waiting for events: event logging is off
Apr  9 10:41:51 arunmathew-Vostro-2520 acpid: client connected from 1233[0:0]
Apr  9 10:41:51 arunmathew-Vostro-2520 acpid: 1 client rule loaded
Apr  9 10:41:51 arunmathew-Vostro-2520 kernel: [    0.536218] Freeing unused kernel memory: 1060k freed
Apr  9 10:41:51 arunmathew-Vostro-2520 kernel: [    0.543948] input: AT Translated Set 2 keyboard as /devices/platform/i8042/serio0/input/input4
Apr  9 10:41:51 arunmathew-Vostro-2520 kernel: [    0.549092] md: linear personality registered for level -1
Apr  9 10:41:51 arunmathew-Vostro-2520 kernel: [    0.552506] md: multipath personality registered for level -4
Apr  9 10:41:51 arunmathew-Vostro-2520 kernel: [    0.555292] md: raid0 personality registered for level 0
Apr  9 10:41:51 arunmathew-Vostro-2520 kernel: [    0.564267] md: raid1 personality registered for level 1
Apr  9 10:41:51 arunmathew-Vostro-2520 kernel: [    0.566372] ahci 0000:00:1f.2: version 3.0
Apr  9 10:41:51 arunmathew-Vostro-2520 kernel: [    0.566428] ahci 0000:00:1f.2: irq 40 for MSI/MSI-X
Apr  9 10:41:51 arunmathew-Vostro-2520 NetworkManager[1069]:    keyfile:     read connection 'SPiDiGO'
Apr  9 10:41:51 arunmathew-Vostro-2520 NetworkManager[1069]:    keyfile: parsing NSL-Monash ... 
Apr  9 10:41:51 arunmathew-Vostro-2520 cron[1175]: (CRON) INFO (pidfile fd = 3)
Apr  9 10:41:51 arunmathew-Vostro-2520 kernel: [    0.566890] r8169 Gigabit Ethernet driver 2.3LK-NAPI loaded
Apr  9 10:41:51 arunmathew-Vostro-2520 kernel: [    0.567019] r8169 0000:09:00.0: irq 41 for MSI/MSI-X
Apr  9 10:41:51 arunmathew-Vostro-2520 kernel: [    0.567191] r8169 0000:09:00.0: eth0: RTL8168evl/8111evl at 0xffffc90000c7e000, 78:45:c4:bb:3a:ff, XID 0c900800 IRQ 41
Apr  9 10:41:51 arunmathew-Vostro-2520 kernel: [    0.567194] r8169 0000:09:00.0: eth0: jumbo features [frames: 9200 bytes, tx checksumming: ko]
Apr  9 10:41:51 arunmathew-Vostro-2520 kernel: [    0.567770] async_tx: api initialized (async)
Apr  9 10:41:51 arunmathew-Vostro-2520 kernel: [    0.579185] ahci 0000:00:1f.2: AHCI 0001.0300 32 slots 6 ports 6 Gbps 0x11 impl SATA mode
Apr  9 10:41:51 arunmathew-Vostro-2520 kernel: [    0.579191] ahci 0000:00:1f.2: flags: 64bit ncq pm led clo pio slum part ems apst 
Apr  9 10:41:51 arunmathew-Vostro-2520 kernel: [    0.579195] ahci 0000:00:1f.2: setting latency timer to 64
Apr  9 10:41:51 arunmathew-Vostro-2520 kernel: [    0.589362] scsi0 : ahci
Apr  9 10:41:51 arunmathew-Vostro-2520 kernel: [    0.590387] scsi1 : ahci
Apr  9 10:41:51 arunmathew-Vostro-2520 kernel: [    0.591322] scsi2 : ahci
Apr  9 10:41:51 arunmathew-Vostro-2520 kernel: [    0.592238] scsi3 : ahci
Apr  9 10:41:51 arunmathew-Vostro-2520 kernel: [    0.593105] scsi4 : ahci
Apr  9 10:41:51 arunmathew-Vostro-2520 kernel: [    0.594047] scsi5 : ahci
Apr  9 10:41:51 arunmathew-Vostro-2520 kernel: [    0.594354] ata1: SATA max UDMA/133 abar m2048@0xf7d06000 port 0xf7d06100 irq 40
Apr  9 10:41:51 arunmathew-Vostro-2520 kernel: [    0.594356] ata2: DUMMY
Apr  9 10:41:51 arunmathew-Vostro-2520 kernel: [    0.594357] ata3: DUMMY
Apr  9 10:41:51 arunmathew-Vostro-2520 kernel: [    0.594358] ata4: DUMMY
Apr  9 10:41:51 arunmathew-Vostro-2520 kernel: [    0.594361] ata5: SATA max UDMA/133 abar m2048@0xf7d06000 port 0xf7d06300 irq 40
Apr  9 10:41:51 arunmathew-Vostro-2520 kernel: [    0.594362] ata6: DUMMY
Apr  9 10:41:51 arunmathew-Vostro-2520 kernel: [    0.635051] raid6: sse2x1    7583 MB/s
Apr  9 10:41:51 arunmathew-Vostro-2520 kernel: [    0.702921] raid6: sse2x2   10694 MB/s
Apr  9 10:41:51 arunmathew-Vostro-2520 kernel: [    0.770791] raid6: sse2x4   12357 MB/s
Apr  9 10:41:51 arunmathew-Vostro-2520 kernel: [    0.770792] raid6: using algorithm sse2x4 (12357 MB/s)
Apr  9 10:41:51 arunmathew-Vostro-2520 kernel: [    0.770793] raid6: using ssse3x2 recovery algorithm
Apr  9 10:41:51 arunmathew-Vostro-2520 kernel: [    0.814810] usb 1-1: new high-speed USB device number 2 using ehci_hcd
Apr  9 10:41:51 arunmathew-Vostro-2520 kernel: [    0.910611] ata1: SATA link up 3.0 Gbps (SStatus 123 SControl 300)
Apr  9 10:41:51 arunmathew-Vostro-2520 kernel: [    0.914670] ata5: SATA link up 1.5 Gbps (SStatus 113 SControl 300)
Apr  9 10:41:51 arunmathew-Vostro-2520 kernel: [    0.918019] ata5.00: ATAPI: HL-DT-ST DVD+-RW GT50N, A101, max UDMA/133
Apr  9 10:41:51 arunmathew-Vostro-2520 kernel: [    0.920209] ata1.00: ACPI cmd ef/10:06:00:00:00:00 (SET FEATURES) succeeded
Apr  9 10:41:51 arunmathew-Vostro-2520 kernel: [    0.920219] ata1.00: ACPI cmd f5/00:00:00:00:00:00 (SECURITY FREEZE LOCK) filtered out
Apr  9 10:41:51 arunmathew-Vostro-2520 kernel: [    0.920223] ata1.00: ACPI cmd b1/c1:00:00:00:00:00 (DEVICE CONFIGURATION OVERLAY) filtered out
Apr  9 10:41:51 arunmathew-Vostro-2520 kernel: [    0.923695] ata5.00: configured for UDMA/133
Apr  9 10:41:51 arunmathew-Vostro-2520 kernel: [    0.932019] ata1.00: ATA-8: ST500LT012-9WS142, 0001SDM1, max UDMA/133
Apr  9 10:41:51 arunmathew-Vostro-2520 kernel: [    0.932026] ata1.00: 976773168 sectors, multi 16: LBA48 NCQ (depth 31/32)
Apr  9 10:41:51 arunmathew-Vostro-2520 kernel: [    0.946986] usb 1-1: New USB device found, idVendor=8087, idProduct=0024
Apr  9 10:41:51 arunmathew-Vostro-2520 kernel: [    0.946994] usb 1-1: New USB device strings: Mfr=0, Product=0, SerialNumber=0
Apr  9 10:41:51 arunmathew-Vostro-2520 kernel: [    0.947385] hub 1-1:1.0: USB hub found
Apr  9 10:41:51 arunmathew-Vostro-2520 kernel: [    0.947454] hub 1-1:1.0: 6 ports detected
Apr  9 10:41:51 arunmathew-Vostro-2520 kernel: [    0.974033] ata1.00: ACPI cmd ef/10:06:00:00:00:00 (SET FEATURES) succeeded
Apr  9 10:41:51 arunmathew-Vostro-2520 kernel: [    0.974042] ata1.00: ACPI cmd f5/00:00:00:00:00:00 (SECURITY FREEZE LOCK) filtered out
Apr  9 10:41:51 arunmathew-Vostro-2520 kernel: [    0.974047] ata1.00: ACPI cmd b1/c1:00:00:00:00:00 (DEVICE CONFIGURATION OVERLAY) filtered out
Apr  9 10:41:51 arunmathew-Vostro-2520 kernel: [    0.974706] ata1.00: configured for UDMA/133
Apr  9 10:41:51 arunmathew-Vostro-2520 kernel: [    0.974971] scsi 0:0:0:0: Direct-Access     ATA      ST500LT012-9WS14 0001 PQ: 0 ANSI: 5
Apr  9 10:41:51 arunmathew-Vostro-2520 kernel: [    0.975144] sd 0:0:0:0: [sda] 976773168 512-byte logical blocks: (500 GB/465 GiB)
Apr  9 10:41:51 arunmathew-Vostro-2520 kernel: [    0.975152] sd 0:0:0:0: [sda] 4096-byte physical blocks
Apr  9 10:41:51 arunmathew-Vostro-2520 kernel: [    0.975167] sd 0:0:0:0: Attached scsi generic sg0 type 0
Apr  9 10:41:51 arunmathew-Vostro-2520 kernel: [    0.975266] sd 0:0:0:0: [sda] Write Protect is off
Apr  9 10:41:51 arunmathew-Vostro-2520 kernel: [    0.975274] sd 0:0:0:0: [sda] Mode Sense: 00 3a 00 00
Apr  9 10:41:51 arunmathew-Vostro-2520 kernel: [    0.975308] sd 0:0:0:0: [sda] Write cache: enabled, read cache: enabled, doesn't support DPO or FUA
Apr  9 10:41:51 arunmathew-Vostro-2520 kernel: [    1.000602]  sda: sda1 sda2 sda3 < sda5 sda6 >
Apr  9 10:41:51 arunmathew-Vostro-2520 kernel: [    1.001586] sd 0:0:0:0: [sda] Attached SCSI disk
Apr  9 10:41:51 arunmathew-Vostro-2520 kernel: [    1.003756] scsi 4:0:0:0: CD-ROM            HL-DT-ST DVD+-RW GT50N    A101 PQ: 0 ANSI: 5
Apr  9 10:41:51 arunmathew-Vostro-2520 kernel: [    1.010671] sr0: scsi3-mmc drive: 24x/24x writer dvd-ram cd/rw xa/form2 cdda tray
Apr  9 10:41:51 arunmathew-Vostro-2520 kernel: [    1.010687] cdrom: Uniform CD-ROM driver Revision: 3.20
Apr  9 10:41:51 arunmathew-Vostro-2520 kernel: [    1.010852] sr 4:0:0:0: Attached scsi CD-ROM sr0
Apr  9 10:41:51 arunmathew-Vostro-2520 kernel: [    1.011152] sr 4:0:0:0: Attached scsi generic sg1 type 5
Apr  9 10:41:51 arunmathew-Vostro-2520 kernel: [    1.011628] xor: automatically using best checksumming function:
Apr  9 10:41:51 arunmathew-Vostro-2520 kernel: [    1.050267]    avx       : 19085.000 MB/sec
Apr  9 10:41:51 arunmathew-Vostro-2520 kernel: [    1.050878] md: raid6 personality registered for level 6
Apr  9 10:41:51 arunmathew-Vostro-2520 kernel: [    1.050880] md: raid5 personality registered for level 5
Apr  9 10:41:51 arunmathew-Vostro-2520 kernel: [    1.050881] md: raid4 personality registered for level 4
Apr  9 10:41:51 arunmathew-Vostro-2520 kernel: [    1.053913] md: raid10 personality registered for level 10
Apr  9 10:41:51 arunmathew-Vostro-2520 kernel: [    1.058285] usb 2-1: new high-speed USB device number 2 using ehci_hcd
Apr  9 10:41:51 arunmathew-Vostro-2520 kernel: [    1.190403] usb 2-1: New USB device found, idVendor=8087, idProduct=0024
Apr  9 10:41:51 arunmathew-Vostro-2520 kernel: [    1.190410] usb 2-1: New USB device strings: Mfr=0, Product=0, SerialNumber=0
Apr  9 10:41:51 arunmathew-Vostro-2520 kernel: [    1.190788] hub 2-1:1.0: USB hub found
Apr  9 10:41:51 arunmathew-Vostro-2520 kernel: [    1.190862] hub 2-1:1.0: 6 ports detected
Apr  9 10:41:51 arunmathew-Vostro-2520 kernel: [    1.261978] usb 1-1.4: new full-speed USB device number 3 using ehci_hcd
Apr  9 10:41:51 arunmathew-Vostro-2520 kernel: [    1.356489] usb 1-1.4: New USB device found, idVendor=0a5c, idProduct=21d7
Apr  9 10:41:51 arunmathew-Vostro-2520 kernel: [    1.356497] usb 1-1.4: New USB device strings: Mfr=1, Product=2, SerialNumber=3
Apr  9 10:41:51 arunmathew-Vostro-2520 kernel: [    1.356501] usb 1-1.4: Product: BCM43142A0
Apr  9 10:41:51 arunmathew-Vostro-2520 kernel: [    1.356504] usb 1-1.4: Manufacturer: Broadcom Corp
Apr  9 10:41:51 arunmathew-Vostro-2520 kernel: [    1.356506] usb 1-1.4: SerialNumber: 642737FBB526
Apr  9 10:41:51 arunmathew-Vostro-2520 kernel: [    1.425712] usb 1-1.5: new high-speed USB device number 4 using ehci_hcd
Apr  9 10:41:51 arunmathew-Vostro-2520 kernel: [    1.429578] Refined TSC clocksource calibration: 2594.106 MHz.
Apr  9 10:41:51 arunmathew-Vostro-2520 kernel: [    1.429584] Switching to clocksource tsc
Apr  9 10:41:51 arunmathew-Vostro-2520 kernel: [    1.593241] usb 1-1.5: New USB device found, idVendor=0c45, idProduct=6473
Apr  9 10:41:51 arunmathew-Vostro-2520 kernel: [    1.593271] usb 1-1.5: New USB device strings: Mfr=2, Product=1, SerialNumber=0
Apr  9 10:41:51 arunmathew-Vostro-2520 kernel: [    1.593278] usb 1-1.5: Product: Laptop_Integrated_Webcam_HD
Apr  9 10:41:51 arunmathew-Vostro-2520 kernel: [    1.593285] usb 1-1.5: Manufacturer: CN0PV166724872B8A9KMA02
Apr  9 10:41:51 arunmathew-Vostro-2520 kernel: [    1.669368] usb 2-1.6: new high-speed USB device number 3 using ehci_hcd
Apr  9 10:41:51 arunmathew-Vostro-2520 kernel: [    1.773797] usb 2-1.6: New USB device found, idVendor=0bda, idProduct=0138
Apr  9 10:41:51 arunmathew-Vostro-2520 kernel: [    1.773801] usb 2-1.6: New USB device strings: Mfr=1, Product=2, SerialNumber=3
Apr  9 10:41:51 arunmathew-Vostro-2520 kernel: [    1.773802] usb 2-1.6: Product: USB2.0-CRW
Apr  9 10:41:51 arunmathew-Vostro-2520 kernel: [    1.773803] usb 2-1.6: Manufacturer: Generic
Apr  9 10:41:51 arunmathew-Vostro-2520 kernel: [    1.773805] usb 2-1.6: SerialNumber: 20090516388200000
Apr  9 10:41:51 arunmathew-Vostro-2520 kernel: [    1.781153] Initializing USB Mass Storage driver...
Apr  9 10:41:51 arunmathew-Vostro-2520 kernel: [    1.781210] usbcore: registered new interface driver usb-storage
Apr  9 10:41:51 arunmathew-Vostro-2520 kernel: [    1.781212] USB Mass Storage support registered.
Apr  9 10:41:51 arunmathew-Vostro-2520 kernel: [    1.800327] scsi6 : usb-storage 2-1.6:1.0
Apr  9 10:41:51 arunmathew-Vostro-2520 kernel: [    1.800428] usbcore: registered new interface driver ums-realtek
Apr  9 10:41:51 arunmathew-Vostro-2520 kernel: [    1.807351] EXT4-fs (sda2): INFO: recovery required on readonly filesystem
Apr  9 10:41:51 arunmathew-Vostro-2520 kernel: [    1.807354] EXT4-fs (sda2): write access will be enabled during recovery
Apr  9 10:41:51 arunmathew-Vostro-2520 kernel: [    2.042548] usb 2-1.6: USB disconnect, device number 3
Apr  9 10:41:51 arunmathew-Vostro-2520 kernel: [    2.622128] EXT4-fs (sda2): orphan cleanup on readonly fs
Apr  9 10:41:51 arunmathew-Vostro-2520 kernel: [    2.622136] EXT4-fs (sda2): ext4_orphan_cleanup: deleting unreferenced inode 398875
Apr  9 10:41:51 arunmathew-Vostro-2520 kernel: [    2.636595] EXT4-fs (sda2): ext4_orphan_cleanup: deleting unreferenced inode 917734
Apr  9 10:41:51 arunmathew-Vostro-2520 kernel: [    2.655926] EXT4-fs (sda2): ext4_orphan_cleanup: deleting unreferenced inode 786536
Apr  9 10:41:51 arunmathew-Vostro-2520 kernel: [    2.656906] EXT4-fs (sda2): ext4_orphan_cleanup: deleting unreferenced inode 786530
Apr  9 10:41:51 arunmathew-Vostro-2520 kernel: [    2.656919] EXT4-fs (sda2): ext4_orphan_cleanup: deleting unreferenced inode 786559
